Archive member included to satisfy reference by file (symbol)

c:/nxp/mcuxpressoide_11.2.0_4120/ide/plugins/com.nxp.mcuxpresso.tools.win32_11.2.0.202001021529/tools/bin/../lib/gcc/arm-none-eabi/9.2.1/../../../../arm-none-eabi/lib/thumb/v6-m/nofp\libcr_semihost_nf.a(__ciob.o)
                              ./source/Project.o (__Ciob)
c:/nxp/mcuxpressoide_11.2.0_4120/ide/plugins/com.nxp.mcuxpresso.tools.win32_11.2.0.202001021529/tools/bin/../lib/gcc/arm-none-eabi/9.2.1/../../../../arm-none-eabi/lib/thumb/v6-m/nofp\libcr_semihost_nf.a(_cr__main.o)
                              ./startup/startup_mkl25z4.o (__main)
c:/nxp/mcuxpressoide_11.2.0_4120/ide/plugins/com.nxp.mcuxpresso.tools.win32_11.2.0.202001021529/tools/bin/../lib/gcc/arm-none-eabi/9.2.1/../../../../arm-none-eabi/lib/thumb/v6-m/nofp\libcr_semihost_nf.a(_cr_assert.o)
                              ./source/cbfifo_testcase.o (__assertion_failed)
c:/nxp/mcuxpressoide_11.2.0_4120/ide/plugins/com.nxp.mcuxpresso.tools.win32_11.2.0.202001021529/tools/bin/../lib/gcc/arm-none-eabi/9.2.1/../../../../arm-none-eabi/lib/thumb/v6-m/nofp\libcr_semihost_nf.a(__sys_appexit.o)
                              c:/nxp/mcuxpressoide_11.2.0_4120/ide/plugins/com.nxp.mcuxpresso.tools.win32_11.2.0.202001021529/tools/bin/../lib/gcc/arm-none-eabi/9.2.1/../../../../arm-none-eabi/lib/thumb/v6-m/nofp\libcr_semihost_nf.a(_cr_assert.o) (__sys_appexit)
c:/nxp/mcuxpressoide_11.2.0_4120/ide/plugins/com.nxp.mcuxpresso.tools.win32_11.2.0.202001021529/tools/bin/../lib/gcc/arm-none-eabi/9.2.1/../../../../arm-none-eabi/lib/thumb/v6-m/nofp\libcr_c.a(memcpy.o)
                              ./drivers/fsl_flash.o (memcpy)
c:/nxp/mcuxpressoide_11.2.0_4120/ide/plugins/com.nxp.mcuxpresso.tools.win32_11.2.0.202001021529/tools/bin/../lib/gcc/arm-none-eabi/9.2.1/../../../../arm-none-eabi/lib/thumb/v6-m/nofp\libcr_c.a(memset.o)
                              ./source/Project.o (memset)
c:/nxp/mcuxpressoide_11.2.0_4120/ide/plugins/com.nxp.mcuxpresso.tools.win32_11.2.0.202001021529/tools/bin/../lib/gcc/arm-none-eabi/9.2.1/../../../../arm-none-eabi/lib/thumb/v6-m/nofp\libcr_c.a(__fillbuf.o)
                              ./source/Project.o (__filbuf)
c:/nxp/mcuxpressoide_11.2.0_4120/ide/plugins/com.nxp.mcuxpresso.tools.win32_11.2.0.202001021529/tools/bin/../lib/gcc/arm-none-eabi/9.2.1/../../../../arm-none-eabi/lib/thumb/v6-m/nofp\libcr_c.a(_deferredlazyseek.o)
                              c:/nxp/mcuxpressoide_11.2.0_4120/ide/plugins/com.nxp.mcuxpresso.tools.win32_11.2.0.202001021529/tools/bin/../lib/gcc/arm-none-eabi/9.2.1/../../../../arm-none-eabi/lib/thumb/v6-m/nofp\libcr_c.a(__fillbuf.o) (_deferredlazyseek)
c:/nxp/mcuxpressoide_11.2.0_4120/ide/plugins/com.nxp.mcuxpresso.tools.win32_11.2.0.202001021529/tools/bin/../lib/gcc/arm-none-eabi/9.2.1/../../../../arm-none-eabi/lib/thumb/v6-m/nofp\libcr_c.a(_fflush.o)
                              c:/nxp/mcuxpressoide_11.2.0_4120/ide/plugins/com.nxp.mcuxpresso.tools.win32_11.2.0.202001021529/tools/bin/../lib/gcc/arm-none-eabi/9.2.1/../../../../arm-none-eabi/lib/thumb/v6-m/nofp\libcr_c.a(__fillbuf.o) (_fflush)
c:/nxp/mcuxpressoide_11.2.0_4120/ide/plugins/com.nxp.mcuxpresso.tools.win32_11.2.0.202001021529/tools/bin/../lib/gcc/arm-none-eabi/9.2.1/../../../../arm-none-eabi/lib/thumb/v6-m/nofp\libcr_c.a(_writebuf.o)
                              c:/nxp/mcuxpressoide_11.2.0_4120/ide/plugins/com.nxp.mcuxpresso.tools.win32_11.2.0.202001021529/tools/bin/../lib/gcc/arm-none-eabi/9.2.1/../../../../arm-none-eabi/lib/thumb/v6-m/nofp\libcr_c.a(_deferredlazyseek.o) (_Cwritebuf)
c:/nxp/mcuxpressoide_11.2.0_4120/ide/plugins/com.nxp.mcuxpresso.tools.win32_11.2.0.202001021529/tools/bin/../lib/gcc/arm-none-eabi/9.2.1/../../../../arm-none-eabi/lib/thumb/v6-m/nofp\libcr_c.a(alloc.o)
                              c:/nxp/mcuxpressoide_11.2.0_4120/ide/plugins/com.nxp.mcuxpresso.tools.win32_11.2.0.202001021529/tools/bin/../lib/gcc/arm-none-eabi/9.2.1/../../../../arm-none-eabi/lib/thumb/v6-m/nofp\libcr_c.a(__fillbuf.o) (_Csys_alloc)
c:/nxp/mcuxpressoide_11.2.0_4120/ide/plugins/com.nxp.mcuxpresso.tools.win32_11.2.0.202001021529/tools/bin/../lib/gcc/arm-none-eabi/9.2.1/../../../../arm-none-eabi/lib/thumb/v6-m/nofp\libcr_c.a(atan2.o)
                              ./source/mma8451.o (atan2)
c:/nxp/mcuxpressoide_11.2.0_4120/ide/plugins/com.nxp.mcuxpresso.tools.win32_11.2.0.202001021529/tools/bin/../lib/gcc/arm-none-eabi/9.2.1/../../../../arm-none-eabi/lib/thumb/v6-m/nofp\libcr_c.a(errno.o)
                              c:/nxp/mcuxpressoide_11.2.0_4120/ide/plugins/com.nxp.mcuxpresso.tools.win32_11.2.0.202001021529/tools/bin/../lib/gcc/arm-none-eabi/9.2.1/../../../../arm-none-eabi/lib/thumb/v6-m/nofp\libcr_c.a(atan2.o) (errno)
c:/nxp/mcuxpressoide_11.2.0_4120/ide/plugins/com.nxp.mcuxpresso.tools.win32_11.2.0.202001021529/tools/bin/../lib/gcc/arm-none-eabi/9.2.1/../../../../arm-none-eabi/lib/thumb/v6-m/nofp\libcr_c.a(fabs.o)
[...]
Memory Configuration

Name             Origin             Length             Attributes
PROGRAM_FLASH    0x00000000         0x00020000         xr
SRAM             0x1ffff000         0x00004000         xrw
*default*        0x00000000         0xffffffff

Linker script and memory map

LOAD ./utilities/fsl_debug_console.o
LOAD ./startup/startup_mkl25z4.o
LOAD ./source/Project.o
LOAD ./source/cbfifo.o
LOAD ./source/cbfifo_testcase.o
LOAD ./source/commandprocessor.o
LOAD ./source/i2c.o
LOAD ./source/led_tmp.o
LOAD ./source/led_tmp_testcase.o
LOAD ./source/mma8451.o
LOAD ./source/msec_timers.o
LOAD ./source/mtb.o
LOAD ./source/semihost_hardfault.o
LOAD ./source/statemachine.o
LOAD ./source/switch.o
LOAD ./source/sysclock.o
LOAD ./source/testmodules.o
LOAD ./drivers/fsl_clock.o
LOAD ./drivers/fsl_common.o
LOAD ./drivers/fsl_flash.o
LOAD ./drivers/fsl_gpio.o
LOAD ./drivers/fsl_lpsci.o
LOAD ./drivers/fsl_smc.o
LOAD ./drivers/fsl_uart.o
LOAD ./board/board.o
LOAD ./board/clock_config.o
LOAD ./board/peripherals.o
LOAD ./board/pin_mux.o
LOAD ./CMSIS/system_MKL25Z4.o
LOAD ./CMSIS/touch_slider.o
LOAD ./CMSIS/uart.o
START GROUP
LOAD c:/nxp/mcuxpressoide_11.2.0_4120/ide/plugins/com.nxp.mcuxpresso.tools.win32_11.2.0.202001021529/tools/bin/../lib/gcc/arm-none-eabi/9.2.1/../../../../arm-none-eabi/lib/thumb/v6-m/nofp\libcr_semihost_nf.a
LOAD c:/nxp/mcuxpressoide_11.2.0_4120/ide/plugins/com.nxp.mcuxpresso.tools.win32_11.2.0.202001021529/tools/bin/../lib/gcc/arm-none-eabi/9.2.1/../../../../arm-none-eabi/lib/thumb/v6-m/nofp\libcr_c.a
LOAD c:/nxp/mcuxpressoide_11.2.0_4120/ide/plugins/com.nxp.mcuxpresso.tools.win32_11.2.0.202001021529/tools/bin/../lib/gcc/arm-none-eabi/9.2.1/thumb/v6-m/nofp\libcr_eabihelpers.a
LOAD c:/nxp/mcuxpressoide_11.2.0_4120/ide/plugins/com.nxp.mcuxpresso.tools.win32_11.2.0.202001021529/tools/bin/../lib/gcc/arm-none-eabi/9.2.1/thumb/v6-m/nofp\libgcc.a
END GROUP
                0x00000000                __base_PROGRAM_FLASH = 0x0
                0x00000000                __base_Flash = 0x0
                0x00020000                __top_PROGRAM_FLASH = 0x20000
                0x00020000                __top_Flash = 0x20000
                0x1ffff000                __base_SRAM = 0x1ffff000
                0x1ffff000                __base_RAM = 0x1ffff000
                0x20003000                __top_SRAM = 0x20003000
                0x20003000                __top_RAM = 0x20003000

.text           0x00000000     0x9978
 FILL mask 0xff
                0x00000000                __vectors_start__ = ABSOLUTE (.)
 *(SORT_BY_ALIGNMENT(.isr_vector))
 .isr_vector    0x00000000       0xc0 ./startup/startup_mkl25z4.o
                0x00000000                g_pfnVectors
                0x00000000                __Vectors
                0x000000c0                . = ALIGN (0x4)
                0x000000c0                __section_table_start = .
                0x000000c0                __data_section_table = .
                0x000000c0        0x4 LONG 0x9978 LOADADDR (.data)
                0x000000c4        0x4 LONG 0x1ffff080 ADDR (.data)
                0x000000c8        0x4 LONG 0x110 SIZEOF (.data)
                0x000000cc                __data_section_table_end = .
                0x000000cc                __bss_section_table = .
                0x000000cc        0x4 LONG 0x1ffff190 ADDR (.bss)
                0x000000d0        0x4 LONG 0x32c SIZEOF (.bss)
                0x000000d4                __bss_section_table_end = .
                0x000000d4                __section_table_end = .
 *(SORT_BY_ALIGNMENT(.after_vectors*))
 .after_vectors.reset
                0x000000d4       0x4c ./startup/startup_mkl25z4.o
                0x000000d4                ResetISR
 .after_vectors.init_data
                0x00000120       0x12 ./startup/startup_mkl25z4.o
                0x00000120                data_init
 .after_vectors.init_bss
                0x00000132       0x10 ./startup/startup_mkl25z4.o
                0x00000132                bss_init
 .after_vectors
                0x00000142      0x10c ./startup/startup_mkl25z4.o
                0x00000142                NMI_Handler
                0x00000146                SVC_Handler
                0x00000148                PendSV_Handler
                0x0000014c                SPI1_DriverIRQHandler
                0x0000014c                LPTMR0_DriverIRQHandler
                0x0000014c                DMA0_DriverIRQHandler
                0x0000014c                I2C0_DriverIRQHandler
                0x0000014c                Reserved39_DriverIRQHandler
                0x0000014c                PORTD_DriverIRQHandler
                0x0000014c                DMA2_DriverIRQHandler
                0x0000014c                CMP0_DriverIRQHandler
                0x0000014c                TPM2_DriverIRQHandler
                0x0000014c                ADC0_DriverIRQHandler
                0x0000014c                SPI0_DriverIRQHandler
                0x0000014c                TSI0_DriverIRQHandler
                0x0000014c                RTC_Seconds_DriverIRQHandler
                0x0000014c                LLWU_DriverIRQHandler
                0x0000014c                MCG_DriverIRQHandler
                0x0000014c                I2C1_DriverIRQHandler
                0x0000014c                TPM1_DriverIRQHandler
                0x0000014c                DMA1_DriverIRQHandler
                0x0000014c                FTFA_DriverIRQHandler
                0x0000014c                IntDefaultHandler
                0x0000014c                USB0_DriverIRQHandler
                0x0000014c                DAC0_DriverIRQHandler
                0x0000014c                LVD_LVW_DriverIRQHandler
                0x0000014c                TPM0_DriverIRQHandler
                0x0000014c                PIT_DriverIRQHandler
                0x0000014c                RTC_DriverIRQHandler
                0x0000014c                Reserved20_DriverIRQHandler
                0x0000014c                DMA3_DriverIRQHandler
                0x0000014c                Reserved45_DriverIRQHandler
                0x0000014c                PORTA_DriverIRQHandler
                0x0000014e                DMA0_IRQHandler
                0x00000156                DMA1_IRQHandler
                0x0000015e                DMA2_IRQHandler
                0x00000166                DMA3_IRQHandler
                0x0000016e                Reserved20_IRQHandler
                0x00000176                FTFA_IRQHandler
                0x0000017e                LVD_LVW_IRQHandler
                0x00000186                LLWU_IRQHandler
                0x0000018e                I2C0_IRQHandler
                0x00000196                I2C1_IRQHandler
                0x0000019e                SPI0_IRQHandler
                0x000001a6                SPI1_IRQHandler
                0x000001b6                UART1_IRQHandler
                0x000001be                UART2_IRQHandler
                0x000001c6                ADC0_IRQHandler
                0x000001ce                CMP0_IRQHandler
                0x000001d6                TPM0_IRQHandler
                0x000001de                TPM1_IRQHandler
                0x000001e6                TPM2_IRQHandler
                0x000001ee                RTC_IRQHandler
                0x000001f6                RTC_Seconds_IRQHandler
                0x000001fe                PIT_IRQHandler
                0x00000206                Reserved39_IRQHandler
                0x0000020e                USB0_IRQHandler
                0x00000216                DAC0_IRQHandler
                0x00000226                MCG_IRQHandler
                0x0000022e                LPTMR0_IRQHandler
                0x00000236                Reserved45_IRQHandler
                0x0000023e                PORTA_IRQHandler
                0x00000400                . = 0x400
 *fill*         0x0000024e      0x1b2 ff
                0x00000400                PROVIDE (__FLASH_CONFIG_START__ = .)
 *(SORT_BY_ALIGNMENT(.FlashConfig))
 .FlashConfig   0x00000400       0x10 ./startup/startup_mkl25z4.o
                0x00000400                Flash_Config
                0x00000410                PROVIDE (__FLASH_CONFIG_END__ = .)
                0x00000001                ASSERT (! ((__FLASH_CONFIG_START__ == __FLASH_CONFIG_END__)), Linker Flash Config Support Enabled, but no .FlashConfig section provided within application)
 *(SORT_BY_ALIGNMENT(.text*))
 .text.system_init
                0x00000410       0x58 ./source/Project.o
 .text.application_code
                0x00000468      0x190 ./source/Project.o
 .text.digital_angle_gauge_state_machine
                0x000005f8       0x78 ./source/Project.o
                0x000005f8                digital_angle_gauge_state_machine
 .text.state_change_detector
                0x00000670      0x16c ./source/Project.o
                0x00000670                state_change_detector
 .text.test_cbfifo_one_iteration
                0x000007dc     0x30f4 ./source/cbfifo_testcase.o
 .text.test_cbfifo
                0x000038d0       0x3c ./source/cbfifo_testcase.o
                0x000038d0                test_cbfifo
 .text.lexical_analysis
                0x0000390c      0x194 ./source/commandprocessor.o
                0x0000390c                lexical_analysis
 .text.author_command_handler
                0x00003aa0       0x1c ./source/commandprocessor.o
 .text.help_command_handler
                0x00003abc       0x74 ./source/commandprocessor.o
 .text.unknown_command_handler
                0x00003b30       0x40 ./source/commandprocessor.o
 .text.insight_command_handler
                0x00003b70       0x40 ./source/commandprocessor.o
 .text.set_reference_angle
                0x00003bb0       0x24 ./source/commandprocessor.o
                0x00003bb0                set_reference_angle
 .text.init_i2c
                0x00003bd4       0x84 ./source/i2c.o
                0x00003bd4                init_i2c
 .text.i2c_busy
                0x00003c58      0x150 ./source/i2c.o
                0x00003c58                i2c_busy
 .text.i2c_wait
                0x00003da8       0x6c ./source/i2c.o
                0x00003da8                i2c_wait
 .text.i2c_start
                0x00003e14       0x30 ./source/i2c.o
                0x00003e14                i2c_start
 .text.i2c_read_setup
                0x00003e44       0x68 ./source/i2c.o
                0x00003e44                i2c_read_setup
 .text.i2c_repeated_read
                0x00003eac       0x80 ./source/i2c.o
                0x00003eac                i2c_repeated_read
 .text.i2c_write_byte
                0x00003f2c       0x64 ./source/i2c.o
                0x00003f2c                i2c_write_byte
 .text.init_led_pwm
                0x00003f90       0x38 ./source/led_tmp.o
                0x00003f90                init_led_pwm
 .text.init_tpm
                0x00003fc8       0x48 ./source/led_tmp.o
                0x00003fc8                init_tpm
 .text.init_tpm0
                0x00004010       0x48 ./source/led_tmp.o
 .text.init_tpm2
                0x00004058       0x54 ./source/led_tmp.o
 .text.rgb_pwm_controller
                0x000040ac       0x48 ./source/led_tmp.o
                0x000040ac                rgb_pwm_controller
 .text.init_led
                0x000040f4       0x88 ./source/led_tmp.o
 .text.red_led_on
                0x0000417c       0x24 ./source/led_tmp.o
                0x0000417c                red_led_on
 .text.green_led_on
                0x000041a0       0x24 ./source/led_tmp.o
                0x000041a0                green_led_on
 .text.blue_led_on
                0x000041c4       0x24 ./source/led_tmp.o
                0x000041c4                blue_led_on
 .text.all_led_on
                0x000041e8       0x24 ./source/led_tmp.o
                0x000041e8                all_led_on
 .text.all_led_off
                0x0000420c       0x24 ./source/led_tmp.o
                0x0000420c                all_led_off
 .text.test_led_tpm
                0x00004230      0x158 ./source/led_tmp_testcase.o
                0x00004230                test_led_tpm
 .text.convert_xyz_to_roll_pitch
                0x00004388      0x154 ./source/mma8451.o
                0x00004388                convert_xyz_to_roll_pitch
 .text.NVIC_SetPriority
                0x000044dc       0xdc ./source/msec_timers.o
 .text.time_msec
                0x000045b8       0x18 ./source/msec_timers.o
 .text.init_systick
                0x000045d0       0x58 ./source/msec_timers.o
                0x000045d0                init_systick
 .text.reset_timer
                0x00004628       0x18 ./source/msec_timers.o
                0x00004628                reset_timer
 .text.get_timer
                0x00004640       0x1c ./source/msec_timers.o
                0x00004640                get_timer
 .text.SysTick_Handler
                0x0000465c       0x18 ./source/msec_timers.o
                0x0000465c                SysTick_Handler
 .text.HardFault_Handler
                0x00004674       0x30 ./source/semihost_hardfault.o
                0x00004674                HardFault_Handler
 .text.handle_calibrate_to_zero
                0x000046a4      0x148 ./source/statemachine.o
                0x000046a4                handle_calibrate_to_zero
 .text.handle_calibrate_state
                0x000047ec       0x9c ./source/statemachine.o
                0x000047ec                handle_calibrate_state
 .text.handle_angle_gauge_state
                0x00004888       0xb4 ./source/statemachine.o
                0x00004888                handle_angle_gauge_state
 .text.angle_detect_color_assign
                0x0000493c      0x130 ./source/statemachine.o
                0x0000493c                angle_detect_color_assign
 .text.NVIC_EnableIRQ
                0x00004a6c       0x2c ./source/switch.o
 .text.init_switch
                0x00004a98       0x78 ./source/switch.o
                0x00004a98                init_switch
 .text.PORTD_IRQHandler
                0x00004b10       0x50 ./source/switch.o
                0x00004b10                PORTD_IRQHandler
 .text.init_sysclock
                0x00004b60       0x78 ./source/sysclock.o
                0x00004b60                init_sysclock
 .text.test_modules
                0x00004bd8       0x30 ./source/testmodules.o
                0x00004bd8                test_modules
 .text.test_angle_gauge_color
                0x00004c08       0xf4 ./source/testmodules.o
 .text.UART0_DriverIRQHandler
                0x00004cfc       0x24 ./drivers/fsl_lpsci.o
                0x00004cfc                UART0_DriverIRQHandler
 .text.UART1_DriverIRQHandler
                0x00004d20       0x24 ./drivers/fsl_uart.o
                0x00004d20                UART1_DriverIRQHandler
 .text.UART2_DriverIRQHandler
                0x00004d44       0x24 ./drivers/fsl_uart.o
                0x00004d44                UART2_DriverIRQHandler
 .text.SystemInit
                0x00004d68       0x18 ./CMSIS/system_MKL25Z4.o
                0x00004d68                SystemInit
 .text.NVIC_EnableIRQ
                0x00004d80       0x2c ./CMSIS/touch_slider.o
 .text.NVIC_ClearPendingIRQ
                0x00004dac       0x30 ./CMSIS/touch_slider.o
 .text.NVIC_SetPriority
                0x00004ddc       0xdc ./CMSIS/touch_slider.o
 .text.init_touchsensor
                0x00004eb8       0x78 ./CMSIS/touch_slider.o
                0x00004eb8                init_touchsensor
 .text.TSI0_IRQHandler
                0x00004f30       0x64 ./CMSIS/touch_slider.o
                0x00004f30                TSI0_IRQHandler
 .text.start_touch_scanning
                0x00004f94       0x1c ./CMSIS/touch_slider.o
                0x00004f94                start_touch_scanning
 .text.NVIC_EnableIRQ
                0x00004fb0       0x2c ./CMSIS/uart.o
 .text.__sys_write
                0x00004fdc       0x64 ./CMSIS/uart.o
                0x00004fdc                __sys_write
 .text.__sys_readc
                0x00005040       0x30 ./CMSIS/uart.o
                0x00005040                __sys_readc
 .text.init_UART0
                0x00005070      0x13c ./CMSIS/uart.o
                0x00005070                init_UART0
 .text.UART0_IRQHandler
                0x000051ac       0xa0 ./CMSIS/uart.o
                0x000051ac                UART0_IRQHandler
 .text.__assertion_failed
                0x0000524c       0x4c c:/nxp/mcuxpressoide_11.2.0_4120/ide/plugins/com.nxp.mcuxpresso.tools.win32_11.2.0.202001021529/tools/bin/../lib/gcc/arm-none-eabi/9.2.1/../../../../arm-none-eabi/lib/thumb/v6-m/nofp\libcr_semihost_nf.a(_cr_assert.o)
                0x0000524c                __assertion_failed
 .text.__sys_appexit
                0x00005298        0xc c:/nxp/mcuxpressoide_11.2.0_4120/ide/plugins/com.nxp.mcuxpresso.tools.win32_11.2.0.202001021529/tools/bin/../lib/gcc/arm-none-eabi/9.2.1/../../../../arm-none-eabi/lib/thumb/v6-m/nofp\libcr_semihost_nf.a(__sys_appexit.o)
                0x00005298                __sys_appexit
                0x00005298                __exit
 .text.__filbuf
                0x000052a4      0x188 c:/nxp/mcuxpressoide_11.2.0_4120/ide/plugins/com.nxp.mcuxpresso.tools.win32_11.2.0.202001021529/tools/bin/../lib/gcc/arm-none-eabi/9.2.1/../../../../arm-none-eabi/lib/thumb/v6-m/nofp\libcr_c.a(__fillbuf.o)
                0x000052a4                __filbuf
 .text._deferredlazyseek
                0x0000542c       0x40 c:/nxp/mcuxpressoide_11.2.0_4120/ide/plugins/com.nxp.mcuxpresso.tools.win32_11.2.0.202001021529/tools/bin/../lib/gcc/arm-none-eabi/9.2.1/../../../../arm-none-eabi/lib/thumb/v6-m/nofp\libcr_c.a(_deferredlazyseek.o)
                0x0000542c                _deferredlazyseek
 .text.__flsbuf
                0x0000546c      0x150 c:/nxp/mcuxpressoide_11.2.0_4120/ide/plugins/com.nxp.mcuxpresso.tools.win32_11.2.0.202001021529/tools/bin/../lib/gcc/arm-none-eabi/9.2.1/../../../../arm-none-eabi/lib/thumb/v6-m/nofp\libcr_c.a(_deferredlazyseek.o)
                0x0000546c                __flsbuf
 .text._fflush  0x000055bc       0x60 c:/nxp/mcuxpressoide_11.2.0_4120/ide/plugins/com.nxp.mcuxpresso.tools.win32_11.2.0.202001021529/tools/bin/../lib/gcc/arm-none-eabi/9.2.1/../../../../arm-none-eabi/lib/thumb/v6-m/nofp\libcr_c.a(_fflush.o)
                0x000055bc                _fflush
 .text._Cwritebuf
                0x0000561c       0x68 c:/nxp/mcuxpressoide_11.2.0_4120/ide/plugins/com.nxp.mcuxpresso.tools.win32_11.2.0.202001021529/tools/bin/../lib/gcc/arm-none-eabi/9.2.1/../../../../arm-none-eabi/lib/thumb/v6-m/nofp\libcr_c.a(_writebuf.o)
                0x0000561c                _Cwritebuf
 .text.malloc   0x00005684       0xd0 c:/nxp/mcuxpressoide_11.2.0_4120/ide/plugins/com.nxp.mcuxpresso.tools.win32_11.2.0.202001021529/tools/bin/../lib/gcc/arm-none-eabi/9.2.1/../../../../arm-none-eabi/lib/thumb/v6-m/nofp\libcr_c.a(alloc.o)
                0x00005684                malloc
 .text._Csys_alloc
                0x00005754       0x20 c:/nxp/mcuxpressoide_11.2.0_4120/ide/plugins/com.nxp.mcuxpresso.tools.win32_11.2.0.202001021529/tools/bin/../lib/gcc/arm-none-eabi/9.2.1/../../../../arm-none-eabi/lib/thumb/v6-m/nofp\libcr_c.a(alloc.o)
                0x00005754                _Csys_alloc
 .text.atan2    0x00005774      0x108 c:/nxp/mcuxpressoide_11.2.0_4120/ide/plugins/com.nxp.mcuxpresso.tools.win32_11.2.0.202001021529/tools/bin/../lib/gcc/arm-none-eabi/9.2.1/../../../../arm-none-eabi/lib/thumb/v6-m/nofp\libcr_c.a(atan2.o)
                0x00005774                atan2
 .text.fseek    0x0000587c       0xf4 c:/nxp/mcuxpressoide_11.2.0_4120/ide/plugins/com.nxp.mcuxpresso.tools.win32_11.2.0.202001021529/tools/bin/../lib/gcc/arm-none-eabi/9.2.1/../../../../arm-none-eabi/lib/thumb/v6-m/nofp\libcr_c.a(fseek.o)
                0x0000587c                fseek
 .text.ftell    0x00005970       0x48 c:/nxp/mcuxpressoide_11.2.0_4120/ide/plugins/com.nxp.mcuxpresso.tools.win32_11.2.0.202001021529/tools/bin/../lib/gcc/arm-none-eabi/9.2.1/../../../../arm-none-eabi/lib/thumb/v6-m/nofp\libcr_c.a(ftell.o)
                0x00005970                ftell
 .text._initio  0x000059b8       0x7c c:/nxp/mcuxpressoide_11.2.0_4120/ide/plugins/com.nxp.mcuxpresso.tools.win32_11.2.0.202001021529/tools/bin/../lib/gcc/arm-none-eabi/9.2.1/../../../../arm-none-eabi/lib/thumb/v6-m/nofp\libcr_c.a(initio.o)
                0x000059b8                _initio
 .text.__vfprintf
                0x00005a34      0xd40 c:/nxp/mcuxpressoide_11.2.0_4120/ide/plugins/com.nxp.mcuxpresso.tools.win32_11.2.0.202001021529/tools/bin/../lib/gcc/arm-none-eabi/9.2.1/../../../../arm-none-eabi/lib/thumb/v6-m/nofp\libcr_c.a(printf.o)
                0x00005a34                __vfprintf
 .text._snprintf
                0x00006774       0x7c c:/nxp/mcuxpressoide_11.2.0_4120/ide/plugins/com.nxp.mcuxpresso.tools.win32_11.2.0.202001021529/tools/bin/../lib/gcc/arm-none-eabi/9.2.1/../../../../arm-none-eabi/lib/thumb/v6-m/nofp\libcr_c.a(printf.o)
                0x00006774                _snprintf
 .text._vsnprintf
                0x000067f0       0x70 c:/nxp/mcuxpressoide_11.2.0_4120/ide/plugins/com.nxp.mcuxpresso.tools.win32_11.2.0.202001021529/tools/bin/../lib/gcc/arm-none-eabi/9.2.1/../../../../arm-none-eabi/lib/thumb/v6-m/nofp\libcr_c.a(printf.o)
                0x000067f0                _vsnprintf
 .text._printf  0x00006860       0x50 c:/nxp/mcuxpressoide_11.2.0_4120/ide/plugins/com.nxp.mcuxpresso.tools.win32_11.2.0.202001021529/tools/bin/../lib/gcc/arm-none-eabi/9.2.1/../../../../arm-none-eabi/lib/thumb/v6-m/nofp\libcr_c.a(printf.o)
                0x00006860                _printf
 .text.ch_val   0x000068b0       0x30 c:/nxp/mcuxpressoide_11.2.0_4120/ide/plugins/com.nxp.mcuxpresso.tools.win32_11.2.0.202001021529/tools/bin/../lib/gcc/arm-none-eabi/9.2.1/../../../../arm-none-eabi/lib/thumb/v6-m/nofp\libcr_c.a(scanf.o)
 .text.cr_rd_int
                0x000068e0      0x1c0 c:/nxp/mcuxpressoide_11.2.0_4120/ide/plugins/com.nxp.mcuxpresso.tools.win32_11.2.0.202001021529/tools/bin/../lib/gcc/arm-none-eabi/9.2.1/../../../../arm-none-eabi/lib/thumb/v6-m/nofp\libcr_c.a(scanf.o)
 .text.vfscanf  0x00006aa0      0x998 c:/nxp/mcuxpressoide_11.2.0_4120/ide/plugins/com.nxp.mcuxpresso.tools.win32_11.2.0.202001021529/tools/bin/../lib/gcc/arm-none-eabi/9.2.1/../../../../arm-none-eabi/lib/thumb/v6-m/nofp\libcr_c.a(scanf.o)
                0x00006aa0                vfscanf
 .text.setvbuf  0x00007438       0x4c c:/nxp/mcuxpressoide_11.2.0_4120/ide/plugins/com.nxp.mcuxpresso.tools.win32_11.2.0.202001021529/tools/bin/../lib/gcc/arm-none-eabi/9.2.1/../../../../arm-none-eabi/lib/thumb/v6-m/nofp\libcr_c.a(setvbuf.o)
                0x00007438                setvbuf
 .text.sqrt     0x00007484      0x130 c:/nxp/mcuxpressoide_11.2.0_4120/ide/plugins/com.nxp.mcuxpresso.tools.win32_11.2.0.202001021529/tools/bin/../lib/gcc/arm-none-eabi/9.2.1/../../../../arm-none-eabi/lib/thumb/v6-m/nofp\libcr_c.a(sqrt.o)
                0x00007484                sqrt
 .text.strlen   0x000075b4       0x58 c:/nxp/mcuxpressoide_11.2.0_4120/ide/plugins/com.nxp.mcuxpresso.tools.win32_11.2.0.202001021529/tools/bin/../lib/gcc/arm-none-eabi/9.2.1/../../../../arm-none-eabi/lib/thumb/v6-m/nofp\libcr_c.a(strlen.o)
                0x000075b4                strlen
 .text.strncmp  0x0000760c       0x50 c:/nxp/mcuxpressoide_11.2.0_4120/ide/plugins/com.nxp.mcuxpresso.tools.win32_11.2.0.202001021529/tools/bin/../lib/gcc/arm-none-eabi/9.2.1/../../../../arm-none-eabi/lib/thumb/v6-m/nofp\libcr_c.a(strncmp.o)
                0x0000760c                strncmp
 .text.ungetc   0x0000765c       0x3c c:/nxp/mcuxpressoide_11.2.0_4120/ide/plugins/com.nxp.mcuxpresso.tools.win32_11.2.0.202001021529/tools/bin/../lib/gcc/arm-none-eabi/9.2.1/../../../../arm-none-eabi/lib/thumb/v6-m/nofp\libcr_c.a(ungetc.o)
                0x0000765c                ungetc
 .text._sbrk    0x00007698       0x44 c:/nxp/mcuxpressoide_11.2.0_4120/ide/plugins/com.nxp.mcuxpresso.tools.win32_11.2.0.202001021529/tools/bin/../lib/gcc/arm-none-eabi/9.2.1/../../../../arm-none-eabi/lib/thumb/v6-m/nofp\libcr_c.a(_cr_sbrk.o)
                0x00007698                _sbrk
 .text._fdopen  0x000076dc       0x74 c:/nxp/mcuxpressoide_11.2.0_4120/ide/plugins/com.nxp.mcuxpresso.tools.win32_11.2.0.202001021529/tools/bin/../lib/gcc/arm-none-eabi/9.2.1/../../../../arm-none-eabi/lib/thumb/v6-m/nofp\libcr_c.a(_fdopen.o)
                0x000076dc                _fdopen
 .text._frexpl  0x00007750       0x80 c:/nxp/mcuxpressoide_11.2.0_4120/ide/plugins/com.nxp.mcuxpresso.tools.win32_11.2.0.202001021529/tools/bin/../lib/gcc/arm-none-eabi/9.2.1/../../../../arm-none-eabi/lib/thumb/v6-m/nofp\libcr_c.a(_frexpl.o)
                0x00007750                _frexpl
 .text._ldexpl  0x000077d0       0x58 c:/nxp/mcuxpressoide_11.2.0_4120/ide/plugins/com.nxp.mcuxpresso.tools.win32_11.2.0.202001021529/tools/bin/../lib/gcc/arm-none-eabi/9.2.1/../../../../arm-none-eabi/lib/thumb/v6-m/nofp\libcr_c.a(_ldexpl.o)
                0x000077d0                _ldexpl
 .text.atan     0x00007828      0x204 c:/nxp/mcuxpressoide_11.2.0_4120/ide/plugins/com.nxp.mcuxpresso.tools.win32_11.2.0.202001021529/tools/bin/../lib/gcc/arm-none-eabi/9.2.1/../../../../arm-none-eabi/lib/thumb/v6-m/nofp\libcr_c.a(atan.o)
                0x00007828                atan
 .text.tolower  0x00007a2c       0x14 c:/nxp/mcuxpressoide_11.2.0_4120/ide/plugins/com.nxp.mcuxpresso.tools.win32_11.2.0.202001021529/tools/bin/../lib/gcc/arm-none-eabi/9.2.1/../../../../arm-none-eabi/lib/thumb/v6-m/nofp\libcr_c.a(ctype.o)
                0x00007a2c                tolower
 .text.fclose   0x00007a40       0x5c c:/nxp/mcuxpressoide_11.2.0_4120/ide/plugins/com.nxp.mcuxpresso.tools.win32_11.2.0.202001021529/tools/bin/../lib/gcc/arm-none-eabi/9.2.1/../../../../arm-none-eabi/lib/thumb/v6-m/nofp\libcr_c.a(fclose.o)
                0x00007a40                fclose
 .text.fflush   0x00007a9c       0x44 c:/nxp/mcuxpressoide_11.2.0_4120/ide/plugins/com.nxp.mcuxpresso.tools.win32_11.2.0.202001021529/tools/bin/../lib/gcc/arm-none-eabi/9.2.1/../../../../arm-none-eabi/lib/thumb/v6-m/nofp\libcr_c.a(fflush.o)
                0x00007a9c                fflush
 .text.__check_heap_overflow
                0x00007ae0       0x14 c:/nxp/mcuxpressoide_11.2.0_4120/ide/plugins/com.nxp.mcuxpresso.tools.win32_11.2.0.202001021529/tools/bin/../lib/gcc/arm-none-eabi/9.2.1/../../../../arm-none-eabi/lib/thumb/v6-m/nofp\libcr_c.a(_cr_check_heap.o)
                0x00007ae0                __check_heap_overflow
 .text._do_fflush
                0x00007af4       0x48 c:/nxp/mcuxpressoide_11.2.0_4120/ide/plugins/com.nxp.mcuxpresso.tools.win32_11.2.0.202001021529/tools/bin/../lib/gcc/arm-none-eabi/9.2.1/../../../../arm-none-eabi/lib/thumb/v6-m/nofp\libcr_c.a(_do_fflush.o)
                0x00007af4                _do_fflush
 .text.__aeabi_dmul
                0x00007b3c      0x184 c:/nxp/mcuxpressoide_11.2.0_4120/ide/plugins/com.nxp.mcuxpresso.tools.win32_11.2.0.202001021529/tools/bin/../lib/gcc/arm-none-eabi/9.2.1/thumb/v6-m/nofp\libcr_eabihelpers.a(double.o)
                0x00007b3c                __aeabi_dmul
 .text.__aeabi_ddiv
                0x00007cc0      0x150 c:/nxp/mcuxpressoide_11.2.0_4120/ide/plugins/com.nxp.mcuxpresso.tools.win32_11.2.0.202001021529/tools/bin/../lib/gcc/arm-none-eabi/9.2.1/thumb/v6-m/nofp\libcr_eabihelpers.a(double.o)
                0x00007cc0                __aeabi_ddiv
 .text.__aeabi_dsub
                0x00007e10      0x1e4 c:/nxp/mcuxpressoide_11.2.0_4120/ide/plugins/com.nxp.mcuxpresso.tools.win32_11.2.0.202001021529/tools/bin/../lib/gcc/arm-none-eabi/9.2.1/thumb/v6-m/nofp\libcr_eabihelpers.a(double.o)
                0x00007e10                __aeabi_dsub
 .text.__aeabi_dadd
                0x00007ff4      0x134 c:/nxp/mcuxpressoide_11.2.0_4120/ide/plugins/com.nxp.mcuxpresso.tools.win32_11.2.0.202001021529/tools/bin/../lib/gcc/arm-none-eabi/9.2.1/thumb/v6-m/nofp\libcr_eabihelpers.a(double.o)
                0x00007ff4                __aeabi_dadd
 .text.__aeabi_d2f
                0x00008128       0x60 c:/nxp/mcuxpressoide_11.2.0_4120/ide/plugins/com.nxp.mcuxpresso.tools.win32_11.2.0.202001021529/tools/bin/../lib/gcc/arm-none-eabi/9.2.1/thumb/v6-m/nofp\libcr_eabihelpers.a(double.o)
                0x00008128                __aeabi_d2f
 .text.__aeabi_dcmpeq
                0x00008188       0x30 c:/nxp/mcuxpressoide_11.2.0_4120/ide/plugins/com.nxp.mcuxpresso.tools.win32_11.2.0.202001021529/tools/bin/../lib/gcc/arm-none-eabi/9.2.1/thumb/v6-m/nofp\libcr_eabihelpers.a(double.o)
                0x00008188                __aeabi_dcmpeq
 .text.__aeabi_dcmplt
                0x000081b8       0x60 c:/nxp/mcuxpressoide_11.2.0_4120/ide/plugins/com.nxp.mcuxpresso.tools.win32_11.2.0.202001021529/tools/bin/../lib/gcc/arm-none-eabi/9.2.1/thumb/v6-m/nofp\libcr_eabihelpers.a(double.o)
                0x000081b8                __aeabi_dcmplt
 .text.__aeabi_dcmpgt
                0x00008218       0x5c c:/nxp/mcuxpressoide_11.2.0_4120/ide/plugins/com.nxp.mcuxpresso.tools.win32_11.2.0.202001021529/tools/bin/../lib/gcc/arm-none-eabi/9.2.1/thumb/v6-m/nofp\libcr_eabihelpers.a(double.o)
                0x00008218                __aeabi_dcmpgt
 .text.__aeabi_dcmple
                0x00008274       0x60 c:/nxp/mcuxpressoide_11.2.0_4120/ide/plugins/com.nxp.mcuxpresso.tools.win32_11.2.0.202001021529/tools/bin/../lib/gcc/arm-none-eabi/9.2.1/thumb/v6-m/nofp\libcr_eabihelpers.a(double.o)
                0x00008274                __aeabi_dcmple
 .text.__aeabi_dcmpge
                0x000082d4       0x64 c:/nxp/mcuxpressoide_11.2.0_4120/ide/plugins/com.nxp.mcuxpresso.tools.win32_11.2.0.202001021529/tools/bin/../lib/gcc/arm-none-eabi/9.2.1/thumb/v6-m/nofp\libcr_eabihelpers.a(double.o)
                0x000082d4                __aeabi_dcmpge
 .text.__aeabi_fmul
                0x00008338       0xc0 c:/nxp/mcuxpressoide_11.2.0_4120/ide/plugins/com.nxp.mcuxpresso.tools.win32_11.2.0.202001021529/tools/bin/../lib/gcc/arm-none-eabi/9.2.1/thumb/v6-m/nofp\libcr_eabihelpers.a(float.o)
                0x00008338                __aeabi_fmul
 .text.__aeabi_fsub
                0x000083f8      0x124 c:/nxp/mcuxpressoide_11.2.0_4120/ide/plugins/com.nxp.mcuxpresso.tools.win32_11.2.0.202001021529/tools/bin/../lib/gcc/arm-none-eabi/9.2.1/thumb/v6-m/nofp\libcr_eabihelpers.a(float.o)
                0x000083f8                __aeabi_fsub
 .text.__aeabi_fadd
                0x0000851c       0xac c:/nxp/mcuxpressoide_11.2.0_4120/ide/plugins/com.nxp.mcuxpresso.tools.win32_11.2.0.202001021529/tools/bin/../lib/gcc/arm-none-eabi/9.2.1/thumb/v6-m/nofp\libcr_eabihelpers.a(float.o)
                0x0000851c                __aeabi_fadd
 .text.__aeabi_f2iz
                0x000085c8       0x3c c:/nxp/mcuxpressoide_11.2.0_4120/ide/plugins/com.nxp.mcuxpresso.tools.win32_11.2.0.202001021529/tools/bin/../lib/gcc/arm-none-eabi/9.2.1/thumb/v6-m/nofp\libcr_eabihelpers.a(float.o)
                0x000085c8                __aeabi_f2iz
 .text.__aeabi_f2d
                0x00008604       0x40 c:/nxp/mcuxpressoide_11.2.0_4120/ide/plugins/com.nxp.mcuxpresso.tools.win32_11.2.0.202001021529/tools/bin/../lib/gcc/arm-none-eabi/9.2.1/thumb/v6-m/nofp\libcr_eabihelpers.a(float.o)
                0x00008604                __aeabi_f2d
 .text.main     0x00008644       0x18 ./source/Project.o
                0x00008644                main
 .text.cbfifo_enqueue
                0x0000865c      0x15e ./source/cbfifo.o
                0x0000865c                cbfifo_enqueue
 .text.cbfifo_dequeue
                0x000087ba      0x16a ./source/cbfifo.o
                0x000087ba                cbfifo_dequeue
 .text.cbfifo_length
                0x00008924       0x30 ./source/cbfifo.o
                0x00008924                cbfifo_length
 .text.cbfifo_capacity
                0x00008954       0x1a ./source/cbfifo.o
                0x00008954                cbfifo_capacity
 .text.cbfifo_full
                0x0000896e       0x24 ./source/cbfifo.o
                0x0000896e                cbfifo_full
 .text.cbfifo_init
                0x00008992       0x3c ./source/cbfifo.o
                0x00008992                cbfifo_init
 .text.init_mma
                0x000089ce       0x16 ./source/mma8451.o
                0x000089ce                init_mma
 .text.read_full_xyz
                0x000089e4       0xdc ./source/mma8451.o
                0x000089e4                read_full_xyz
 .text.__main   0x00008ac0        0xc c:/nxp/mcuxpressoide_11.2.0_4120/ide/plugins/com.nxp.mcuxpresso.tools.win32_11.2.0.202001021529/tools/bin/../lib/gcc/arm-none-eabi/9.2.1/../../../../arm-none-eabi/lib/thumb/v6-m/nofp\libcr_semihost_nf.a(_cr__main.o)
                0x00008ac0                __CR_SEMIHOST
                0x00008ac0                __main
 .text.memset   0x00008acc        0x8 c:/nxp/mcuxpressoide_11.2.0_4120/ide/plugins/com.nxp.mcuxpresso.tools.win32_11.2.0.202001021529/tools/bin/../lib/gcc/arm-none-eabi/9.2.1/../../../../arm-none-eabi/lib/thumb/v6-m/nofp\libcr_c.a(memset.o)
                0x00008acc                memset
 .text._Csys_read_
                0x00008ad4       0x24 c:/nxp/mcuxpressoide_11.2.0_4120/ide/plugins/com.nxp.mcuxpresso.tools.win32_11.2.0.202001021529/tools/bin/../lib/gcc/arm-none-eabi/9.2.1/../../../../arm-none-eabi/lib/thumb/v6-m/nofp\libcr_c.a(__fillbuf.o)
                0x00008ad4                _Csys_read_
 .text.free     0x00008af8       0x2c c:/nxp/mcuxpressoide_11.2.0_4120/ide/plugins/com.nxp.mcuxpresso.tools.win32_11.2.0.202001021529/tools/bin/../lib/gcc/arm-none-eabi/9.2.1/../../../../arm-none-eabi/lib/thumb/v6-m/nofp\libcr_c.a(alloc.o)
                0x00008af8                free
 .text.fabs     0x00008b24       0x22 c:/nxp/mcuxpressoide_11.2.0_4120/ide/plugins/com.nxp.mcuxpresso.tools.win32_11.2.0.202001021529/tools/bin/../lib/gcc/arm-none-eabi/9.2.1/../../../../arm-none-eabi/lib/thumb/v6-m/nofp\libcr_c.a(fabs.o)
                0x00008b24                fabs
 .text.fputs    0x00008b46       0x2e c:/nxp/mcuxpressoide_11.2.0_4120/ide/plugins/com.nxp.mcuxpresso.tools.win32_11.2.0.202001021529/tools/bin/../lib/gcc/arm-none-eabi/9.2.1/../../../../arm-none-eabi/lib/thumb/v6-m/nofp\libcr_c.a(fputs.o)
                0x00008b46                fputs
 .text.no_fp_display
                0x00008b74        0x4 c:/nxp/mcuxpressoide_11.2.0_4120/ide/plugins/com.nxp.mcuxpresso.tools.win32_11.2.0.202001021529/tools/bin/../lib/gcc/arm-none-eabi/9.2.1/../../../../arm-none-eabi/lib/thumb/v6-m/nofp\libcr_c.a(printf.o)
 .text.sscanf   0x00008b78       0x3c c:/nxp/mcuxpressoide_11.2.0_4120/ide/plugins/com.nxp.mcuxpresso.tools.win32_11.2.0.202001021529/tools/bin/../lib/gcc/arm-none-eabi/9.2.1/../../../../arm-none-eabi/lib/thumb/v6-m/nofp\libcr_c.a(scanf.o)
                0x00008b78                sscanf
 .text.strcasecmp
                0x00008bb4       0x32 c:/nxp/mcuxpressoide_11.2.0_4120/ide/plugins/com.nxp.mcuxpresso.tools.win32_11.2.0.202001021529/tools/bin/../lib/gcc/arm-none-eabi/9.2.1/../../../../arm-none-eabi/lib/thumb/v6-m/nofp\libcr_c.a(strcasecmp.o)
                0x00008bb4                strcasecmp
 .text.remove   0x00008be6       0x12 c:/nxp/mcuxpressoide_11.2.0_4120/ide/plugins/com.nxp.mcuxpresso.tools.win32_11.2.0.202001021529/tools/bin/../lib/gcc/arm-none-eabi/9.2.1/../../../../arm-none-eabi/lib/thumb/v6-m/nofp\libcr_c.a(remove.o)
                0x00008be6                remove
 .text.__aeabi_division_idivmod
                0x00008bf8       0x78 c:/nxp/mcuxpressoide_11.2.0_4120/ide/plugins/com.nxp.mcuxpresso.tools.win32_11.2.0.202001021529/tools/bin/../lib/gcc/arm-none-eabi/9.2.1/thumb/v6-m/nofp\libcr_eabihelpers.a(division_32.o)
                0x00008bf8                __aeabi_idivmod
                0x00008bf8                __aeabi_idiv
                0x00008bfe                __aeabi_uidivmod
                0x00008bfe                __aeabi_uidiv
 .text.__aeabi_division_idiv0
                0x00008c70        0x2 c:/nxp/mcuxpressoide_11.2.0_4120/ide/plugins/com.nxp.mcuxpresso.tools.win32_11.2.0.202001021529/tools/bin/../lib/gcc/arm-none-eabi/9.2.1/thumb/v6-m/nofp\libcr_eabihelpers.a(division_idiv0.o)
                0x00008c70                __aeabi_idiv0
 .text.__bhs_ui2d
                0x00008c72       0x5e c:/nxp/mcuxpressoide_11.2.0_4120/ide/plugins/com.nxp.mcuxpresso.tools.win32_11.2.0.202001021529/tools/bin/../lib/gcc/arm-none-eabi/9.2.1/thumb/v6-m/nofp\libcr_eabihelpers.a(double.o)
                0x00008c72                __bhs_ui2d
 .text.__aeabi_i2d
                0x00008cd0       0x18 c:/nxp/mcuxpressoide_11.2.0_4120/ide/plugins/com.nxp.mcuxpresso.tools.win32_11.2.0.202001021529/tools/bin/../lib/gcc/arm-none-eabi/9.2.1/thumb/v6-m/nofp\libcr_eabihelpers.a(double.o)
                0x00008cd0                __aeabi_i2d
 .text.__aeabi_fcmpeq
                0x00008ce8       0x20 c:/nxp/mcuxpressoide_11.2.0_4120/ide/plugins/com.nxp.mcuxpresso.tools.win32_11.2.0.202001021529/tools/bin/../lib/gcc/arm-none-eabi/9.2.1/thumb/v6-m/nofp\libcr_eabihelpers.a(float.o)
                0x00008ce8                __aeabi_fcmpeq
 .text.__aeabi_fcmplt
                0x00008d08       0x44 c:/nxp/mcuxpressoide_11.2.0_4120/ide/plugins/com.nxp.mcuxpresso.tools.win32_11.2.0.202001021529/tools/bin/../lib/gcc/arm-none-eabi/9.2.1/thumb/v6-m/nofp\libcr_eabihelpers.a(float.o)
                0x00008d08                __aeabi_fcmplt
 .text.__aeabi_llong_lmul
                0x00008d4c       0x2e c:/nxp/mcuxpressoide_11.2.0_4120/ide/plugins/com.nxp.mcuxpresso.tools.win32_11.2.0.202001021529/tools/bin/../lib/gcc/arm-none-eabi/9.2.1/thumb/v6-m/nofp\libcr_eabihelpers.a(llong.o)
                0x00008d4c                __aeabi_lmul
 .text.__aeabi_memset_lowlevel
                0x00008d7a       0x2a c:/nxp/mcuxpressoide_11.2.0_4120/ide/plugins/com.nxp.mcuxpresso.tools.win32_11.2.0.202001021529/tools/bin/../lib/gcc/arm-none-eabi/9.2.1/thumb/v6-m/nofp\libcr_eabihelpers.a(memcpy.o)
                0x00008d7a                __aeabi_lowlevel_memset
 .text.__gnu_thumb1_case_shi
                0x00008da4       0x10 c:/nxp/mcuxpressoide_11.2.0_4120/ide/plugins/com.nxp.mcuxpresso.tools.win32_11.2.0.202001021529/tools/bin/../lib/gcc/arm-none-eabi/9.2.1/thumb/v6-m/nofp\libcr_eabihelpers.a(thumb1_switch_helpers.o)
                0x00008da4                __gnu_thumb1_case_shi
 .text.__sys_close
                0x00008db4        0xc c:/nxp/mcuxpressoide_11.2.0_4120/ide/plugins/com.nxp.mcuxpresso.tools.win32_11.2.0.202001021529/tools/bin/../lib/gcc/arm-none-eabi/9.2.1/../../../../arm-none-eabi/lib/thumb/v6-m/nofp\libcr_semihost_nf.a(__sys_close.o)
                0x00008db4                __sys_close
 .text.__sys_flen
                0x00008dc0        0xc c:/nxp/mcuxpressoide_11.2.0_4120/ide/plugins/com.nxp.mcuxpresso.tools.win32_11.2.0.202001021529/tools/bin/../lib/gcc/arm-none-eabi/9.2.1/../../../../arm-none-eabi/lib/thumb/v6-m/nofp\libcr_semihost_nf.a(__sys_flen.o)
                0x00008dc0                __sys_flen
 .text.__sys_istty
                0x00008dcc        0xc c:/nxp/mcuxpressoide_11.2.0_4120/ide/plugins/com.nxp.mcuxpresso.tools.win32_11.2.0.202001021529/tools/bin/../lib/gcc/arm-none-eabi/9.2.1/../../../../arm-none-eabi/lib/thumb/v6-m/nofp\libcr_semihost_nf.a(__sys_istty.o)
                0x00008dcc                __sys_istty
 .text.__sys_read
                0x00008dd8        0xc c:/nxp/mcuxpressoide_11.2.0_4120/ide/plugins/com.nxp.mcuxpresso.tools.win32_11.2.0.202001021529/tools/bin/../lib/gcc/arm-none-eabi/9.2.1/../../../../arm-none-eabi/lib/thumb/v6-m/nofp\libcr_semihost_nf.a(__sys_read.o)
                0x00008dd8                __sys_read
 .text.__sys_remove
                0x00008de4        0xc c:/nxp/mcuxpressoide_11.2.0_4120/ide/plugins/com.nxp.mcuxpresso.tools.win32_11.2.0.202001021529/tools/bin/../lib/gcc/arm-none-eabi/9.2.1/../../../../arm-none-eabi/lib/thumb/v6-m/nofp\libcr_semihost_nf.a(__sys_remove.o)
                0x00008de4                __sys_remove
 .text.__sys_seek
                0x00008df0        0xc c:/nxp/mcuxpressoide_11.2.0_4120/ide/plugins/com.nxp.mcuxpresso.tools.win32_11.2.0.202001021529/tools/bin/../lib/gcc/arm-none-eabi/9.2.1/../../../../arm-none-eabi/lib/thumb/v6-m/nofp\libcr_semihost_nf.a(__sys_seek.o)
                0x00008df0                __sys_seek
 .text.__sys_tmpnam
                0x00008dfc        0xc c:/nxp/mcuxpressoide_11.2.0_4120/ide/plugins/com.nxp.mcuxpresso.tools.win32_11.2.0.202001021529/tools/bin/../lib/gcc/arm-none-eabi/9.2.1/../../../../arm-none-eabi/lib/thumb/v6-m/nofp\libcr_semihost_nf.a(__sys_tmpnam.o)
                0x00008dfc                __sys_tmpnam
 *(SORT_BY_ALIGNMENT(.rodata) SORT_BY_ALIGNMENT(.rodata.*) SORT_BY_ALIGNMENT(.constdata) SORT_BY_ALIGNMENT(.constdata.*))
 .rodata.a.3949
                0x00008e08       0x20 c:/nxp/mcuxpressoide_11.2.0_4120/ide/plugins/com.nxp.mcuxpresso.tools.win32_11.2.0.202001021529/tools/bin/../lib/gcc/arm-none-eabi/9.2.1/../../../../arm-none-eabi/lib/thumb/v6-m/nofp\libcr_c.a(atan.o)
 .rodata.system_init.str1.4
                0x00008e28       0x42 ./source/Project.o
 *fill*         0x00008e6a        0x2 ff
 .rodata.application_code.str1.4
                0x00008e6c       0x9f ./source/Project.o
 *fill*         0x00008f0b        0x1 ff
 .rodata.state_change_detector.str1.4
                0x00008f0c       0xe4 ./source/Project.o
 .rodata.test_cbfifo_one_iteration.str1.4
                0x00008ff0      0x2d1 ./source/cbfifo_testcase.o
 *fill*         0x000092c1        0x3 ff
 .rodata.test_cbfifo.str1.4
                0x000092c4       0x1e ./source/cbfifo_testcase.o
 *fill*         0x000092e2        0x2 ff
 .rodata.__FUNCTION__.5229
                0x000092e4        0xc ./source/cbfifo_testcase.o
 .rodata.str1.4
                0x000092f0       0x9f ./source/commandprocessor.o
 *fill*         0x0000938f        0x1 ff
 .rodata.commands
                0x00009390       0x24 ./source/commandprocessor.o
 .rodata.lexical_analysis.str1.4
                0x000093b4        0x3 ./source/commandprocessor.o
 *fill*         0x000093b7        0x1 ff
 .rodata.author_command_handler.str1.4
                0x000093b8       0x10 ./source/commandprocessor.o
 .rodata.help_command_handler.str1.4
                0x000093c8       0x5f ./source/commandprocessor.o
 *fill*         0x00009427        0x1 ff
 .rodata.unknown_command_handler.str1.4
                0x00009428       0x16 ./source/commandprocessor.o
                                 0x1a (size before relaxing)
 *fill*         0x0000943e        0x2 ff
 .rodata.insight_command_handler.str1.4
                0x00009440       0x3c ./source/commandprocessor.o
 .rodata.test_led_tpm.str1.4
                0x0000947c       0xf1 ./source/led_tmp_testcase.o
 *fill*         0x0000956d        0x3 ff
 .rodata.handle_calibrate_to_zero.str1.4
                0x00009570       0x48 ./source/statemachine.o
 .rodata.handle_calibrate_state.str1.4
                0x000095b8       0x27 ./source/statemachine.o
 *fill*         0x000095df        0x1 ff
 .rodata.handle_angle_gauge_state.str1.4
                0x000095e0       0x2e ./source/statemachine.o
 *fill*         0x0000960e        0x2 ff
 .rodata.angle_detect_color_assign.str1.4
                0x00009610       0x5d ./source/statemachine.o
 *fill*         0x0000966d        0x3 ff
 .rodata.test_modules.str1.4
                0x00009670       0x27 ./source/testmodules.o
 *fill*         0x00009697        0x1 ff
 .rodata.test_angle_gauge_color.str1.4
                0x00009698       0xf3 ./source/testmodules.o
 *fill*         0x0000978b        0x1 ff
 .rodata.__num_Ciob_streams
                0x0000978c        0x4 c:/nxp/mcuxpressoide_11.2.0_4120/ide/plugins/com.nxp.mcuxpresso.tools.win32_11.2.0.202001021529/tools/bin/../lib/gcc/arm-none-eabi/9.2.1/../../../../arm-none-eabi/lib/thumb/v6-m/nofp\libcr_semihost_nf.a(__ciob.o)
                0x0000978c                __num_Ciob_streams
 .rodata.__assertion_failed.str1.1
                0x00009790       0x15 c:/nxp/mcuxpressoide_11.2.0_4120/ide/plugins/com.nxp.mcuxpresso.tools.win32_11.2.0.202001021529/tools/bin/../lib/gcc/arm-none-eabi/9.2.1/../../../../arm-none-eabi/lib/thumb/v6-m/nofp\libcr_semihost_nf.a(_cr_assert.o)
 .rodata._Csys_alloc.str1.1
                0x000097a5       0x18 c:/nxp/mcuxpressoide_11.2.0_4120/ide/plugins/com.nxp.mcuxpresso.tools.win32_11.2.0.202001021529/tools/bin/../lib/gcc/arm-none-eabi/9.2.1/../../../../arm-none-eabi/lib/thumb/v6-m/nofp\libcr_c.a(alloc.o)
 .rodata._initio.str1.1
                0x000097bd        0x4 c:/nxp/mcuxpressoide_11.2.0_4120/ide/plugins/com.nxp.mcuxpresso.tools.win32_11.2.0.202001021529/tools/bin/../lib/gcc/arm-none-eabi/9.2.1/../../../../arm-none-eabi/lib/thumb/v6-m/nofp\libcr_c.a(initio.o)
 .rodata.__vfprintf.str1.1
                0x000097c1       0x35 c:/nxp/mcuxpressoide_11.2.0_4120/ide/plugins/com.nxp.mcuxpresso.tools.win32_11.2.0.202001021529/tools/bin/../lib/gcc/arm-none-eabi/9.2.1/../../../../arm-none-eabi/lib/thumb/v6-m/nofp\libcr_c.a(printf.o)
                                 0x38 (size before relaxing)
 .rodata.__ctype
                0x000097f6      0x180 c:/nxp/mcuxpressoide_11.2.0_4120/ide/plugins/com.nxp.mcuxpresso.tools.win32_11.2.0.202001021529/tools/bin/../lib/gcc/arm-none-eabi/9.2.1/../../../../arm-none-eabi/lib/thumb/v6-m/nofp\libcr_c.a(ctype.o)
                0x000097f6                __ctype
                0x00009978                . = ALIGN (0x4)
 *fill*         0x00009976        0x2 ff

.glue_7         0x00009978        0x0
 .glue_7        0x00009978        0x0 linker stubs

.glue_7t        0x00009978        0x0
 .glue_7t       0x00009978        0x0 linker stubs

.vfp11_veneer   0x00009978        0x0
 .vfp11_veneer  0x00009978        0x0 linker stubs

.v4_bx          0x00009978        0x0
 .v4_bx         0x00009978        0x0 linker stubs

.iplt           0x00009978        0x0
 .iplt          0x00009978        0x0 ./startup/startup_mkl25z4.o

.rel.dyn        0x00009978        0x0
 .rel.iplt      0x00009978        0x0 ./startup/startup_mkl25z4.o

.ARM.extab
 *(SORT_BY_ALIGNMENT(.ARM.extab*) SORT_BY_ALIGNMENT(.gnu.linkonce.armextab.*))

.ARM.exidx      0x00009978        0x0
                0x00009978                __exidx_start = .
 *(SORT_BY_ALIGNMENT(.ARM.exidx*) SORT_BY_ALIGNMENT(.gnu.linkonce.armexidx.*))
                0x00009978                __exidx_end = .
                0x00009978                _etext = .

.m_usb_data
 *(SORT_BY_ALIGNMENT(m_usb_bdt))

.mtb_buffer_default
                0x1ffff000       0x80
 *(SORT_BY_ALIGNMENT(.mtb*))
 .mtb.$RAM1     0x1ffff000       0x80 ./source/mtb.o
                0x1ffff000                __mtb_buffer__

.uninit_RESERVED
                0x1ffff080        0x0
                0x1ffff080                _start_uninit_RESERVED = .
 *(SORT_BY_ALIGNMENT(.bss.$RESERVED*))
                0x1ffff080                . = ALIGN (0x4)
                0x1ffff080                _end_uninit_RESERVED = .

.data           0x1ffff080      0x110 load address 0x00009978
 FILL mask 0xff
                0x1ffff080                _data = .
                [!provide]                PROVIDE (__start_data_RAM = .)
                [!provide]                PROVIDE (__start_data_SRAM = .)
 *(SORT_BY_ALIGNMENT(vtable))
 *(SORT_BY_ALIGNMENT(.ramfunc*))
 *(SORT_BY_ALIGNMENT(CodeQuickAccess))
 *(SORT_BY_ALIGNMENT(DataQuickAccess))
 *(SORT_BY_ALIGNMENT(RamFunction))
 *(SORT_BY_ALIGNMENT(.data*))
 .data.cb_test  0x1ffff080      0x108 ./source/cbfifo_testcase.o
                0x1ffff080                cb_test
 .data.neginf.4394
                0x1ffff188        0x4 c:/nxp/mcuxpressoide_11.2.0_4120/ide/plugins/com.nxp.mcuxpresso.tools.win32_11.2.0.202001021529/tools/bin/../lib/gcc/arm-none-eabi/9.2.1/../../../../arm-none-eabi/lib/thumb/v6-m/nofp\libcr_c.a(scanf.o)
 .data.posinf.4393
                0x1ffff18c        0x4 c:/nxp/mcuxpressoide_11.2.0_4120/ide/plugins/com.nxp.mcuxpresso.tools.win32_11.2.0.202001021529/tools/bin/../lib/gcc/arm-none-eabi/9.2.1/../../../../arm-none-eabi/lib/thumb/v6-m/nofp\libcr_c.a(scanf.o)
                0x1ffff190                . = ALIGN (0x4)
                0x1ffff190                _edata = .
                [!provide]                PROVIDE (__end_data_RAM = .)
                [!provide]                PROVIDE (__end_data_SRAM = .)

.igot.plt       0x1ffff190        0x0 load address 0x00009a88
 .igot.plt      0x1ffff190        0x0 ./startup/startup_mkl25z4.o

.bss            0x1ffff190      0x32c
                0x1ffff190                _bss = .
                [!provide]                PROVIDE (__start_bss_RAM = .)
                [!provide]                PROVIDE (__start_bss_SRAM = .)
 *(SORT_BY_ALIGNMENT(.bss*))
 .bss.g_tests_passed
                0x1ffff190        0x4 ./source/cbfifo_testcase.o
                0x1ffff190                g_tests_passed
 .bss.g_tests_total
                0x1ffff194        0x4 ./source/cbfifo_testcase.o
                0x1ffff194                g_tests_total
 .bss.reference_angle
                0x1ffff198        0x4 ./source/commandprocessor.o
                0x1ffff198                reference_angle
 .bss.ref_setting_status
                0x1ffff19c        0x4 ./source/commandprocessor.o
                0x1ffff19c                ref_setting_status
 .bss.g_lock_detect
                0x1ffff1a0        0x4 ./source/i2c.o
                0x1ffff1a0                g_lock_detect
 .bss.g_tickcount
                0x1ffff1a4        0x4 ./source/msec_timers.o
                0x1ffff1a4                g_tickcount
 .bss.g_program_start
                0x1ffff1a8        0x4 ./source/msec_timers.o
                0x1ffff1a8                g_program_start
 .bss.g_timer_start
                0x1ffff1ac        0x4 ./source/msec_timers.o
                0x1ffff1ac                g_timer_start
 .bss.pwm_led_color
                0x1ffff1b0        0x3 ./source/statemachine.o
                0x1ffff1b0                pwm_led_color
 *fill*         0x1ffff1b3        0x1 
 .bss.mma_accl_param
                0x1ffff1b4       0x18 ./source/statemachine.o
                0x1ffff1b4                mma_accl_param
 .bss.s_lpsciHandle
                0x1ffff1cc        0x4 ./drivers/fsl_lpsci.o
 .bss.s_lpsciIsr
                0x1ffff1d0        0x4 ./drivers/fsl_lpsci.o
 .bss.s_uartHandle
                0x1ffff1d4        0xc ./drivers/fsl_uart.o
 .bss.s_uartIsr
                0x1ffff1e0        0x4 ./drivers/fsl_uart.o
 .bss.cap_tap_detected
                0x1ffff1e4        0x4 ./CMSIS/touch_slider.o
                0x1ffff1e4                cap_tap_detected
 .bss.cbfifo_rx
                0x1ffff1e8      0x108 ./CMSIS/uart.o
 .bss.cbfifo_tx
                0x1ffff2f0      0x108 ./CMSIS/uart.o
 .bss.__Ciob    0x1ffff3f8       0xb4 c:/nxp/mcuxpressoide_11.2.0_4120/ide/plugins/com.nxp.mcuxpresso.tools.win32_11.2.0.202001021529/tools/bin/../lib/gcc/arm-none-eabi/9.2.1/../../../../arm-none-eabi/lib/thumb/v6-m/nofp\libcr_semihost_nf.a(__ciob.o)
                0x1ffff3f8                __Ciob
 .bss.errno     0x1ffff4ac        0x4 c:/nxp/mcuxpressoide_11.2.0_4120/ide/plugins/com.nxp.mcuxpresso.tools.win32_11.2.0.202001021529/tools/bin/../lib/gcc/arm-none-eabi/9.2.1/../../../../arm-none-eabi/lib/thumb/v6-m/nofp\libcr_c.a(errno.o)
                0x1ffff4ac                errno
 .bss.__end_of_heap
                0x1ffff4b0        0x4 c:/nxp/mcuxpressoide_11.2.0_4120/ide/plugins/com.nxp.mcuxpresso.tools.win32_11.2.0.202001021529/tools/bin/../lib/gcc/arm-none-eabi/9.2.1/../../../../arm-none-eabi/lib/thumb/v6-m/nofp\libcr_c.a(__init_alloc.o)
                0x1ffff4b0                __end_of_heap
 .bss.__heaps   0x1ffff4b4        0x4 c:/nxp/mcuxpressoide_11.2.0_4120/ide/plugins/com.nxp.mcuxpresso.tools.win32_11.2.0.202001021529/tools/bin/../lib/gcc/arm-none-eabi/9.2.1/../../../../arm-none-eabi/lib/thumb/v6-m/nofp\libcr_c.a(__init_alloc.o)
                0x1ffff4b4                __heaps
 .bss.current_state
                0x1ffff4b8        0x1 ./source/Project.o
 .bss.switch_press_detected
                0x1ffff4b9        0x1 ./source/switch.o
                0x1ffff4b9                switch_press_detected
 *(SORT_BY_ALIGNMENT(COMMON))
                0x1ffff4bc                . = ALIGN (0x4)
 *fill*         0x1ffff4ba        0x2 
                0x1ffff4bc                _ebss = .
                [!provide]                PROVIDE (__end_bss_RAM = .)
                [!provide]                PROVIDE (__end_bss_SRAM = .)
                [!provide]                PROVIDE (end = .)

.noinit         0x1ffff4bc        0x0
                0x1ffff4bc                _noinit = .
                [!provide]                PROVIDE (__start_noinit_RAM = .)
                [!provide]                PROVIDE (__start_noinit_SRAM = .)
 *(SORT_BY_ALIGNMENT(.noinit*))
                0x1ffff4bc                . = ALIGN (0x4)
                0x1ffff4bc                _end_noinit = .
                [!provide]                PROVIDE (__end_noinit_RAM = .)
                [!provide]                PROVIDE (__end_noinit_SRAM = .)
                0x00000400                _HeapSize = 0x400

.heap           0x1ffff4bc      0x400
                0x1ffff4bc                _pvHeapStart = .
                0x1ffff8bc                . = (. + _HeapSize)
 *fill*         0x1ffff4bc      0x400 
                0x1ffff8bc                . = ALIGN (0x4)
                0x1ffff8bc                _pvHeapLimit = .
                0x00000400                _StackSize = 0x400

.heap2stackfill
                0x1ffff8bc      0x400
                0x1ffffcbc                . = (. + _StackSize)
 *fill*         0x1ffff8bc      0x400 

.stack          0x20002c00        0x0
                0x20002c00                _vStackBase = .
                0x20002c00                . = ALIGN (0x4)
                0x20003000                _vStackTop = (. + _StackSize)
                0x00000000                _image_start = LOADADDR (.text)
                0x00009a88                _image_end = (LOADADDR (.data) + SIZEOF (.data))
                0x00009a88                _image_size = (_image_end - _image_start)
OUTPUT(Project.axf elf32-littlearm)

.debug_info     0x00000000     0x9330
 .debug_info    0x00000000      0x4df ./startup/startup_mkl25z4.o
 .debug_info    0x000004df      0x844 ./source/Project.o
 .debug_info    0x00000d23      0x55c ./source/cbfifo.o
 .debug_info    0x0000127f     0x19ae ./source/cbfifo_testcase.o
 .debug_info    0x00002c2d      0x451 ./source/commandprocessor.o
 .debug_info    0x0000307e      0x56b ./source/i2c.o
 .debug_info    0x000035e9      0x56a ./source/led_tmp.o
 .debug_info    0x00003b53      0x231 ./source/led_tmp_testcase.o
 .debug_info    0x00003d84      0x34a ./source/mma8451.o
 .debug_info    0x000040ce      0x4b7 ./source/msec_timers.o
 .debug_info    0x00004585       0x53 ./source/mtb.o
 .debug_info    0x000045d8       0x3c ./source/semihost_hardfault.o
 .debug_info    0x00004614      0x3ba ./source/statemachine.o
 .debug_info    0x000049ce      0x730 ./source/switch.o
 .debug_info    0x000050fe      0x1e4 ./source/sysclock.o
 .debug_info    0x000052e2      0x21d ./source/testmodules.o
 .debug_info    0x000054ff     0x1469 ./drivers/fsl_lpsci.o
 .debug_info    0x00006968     0x140a ./drivers/fsl_uart.o
 .debug_info    0x00007d72      0x439 ./CMSIS/system_MKL25Z4.o
 .debug_info    0x000081ab      0x8c5 ./CMSIS/touch_slider.o
 .debug_info    0x00008a70      0x8c0 ./CMSIS/uart.o

.debug_abbrev   0x00000000     0x21ce
 .debug_abbrev  0x00000000      0x18d ./startup/startup_mkl25z4.o
 .debug_abbrev  0x0000018d      0x218 ./source/Project.o
 .debug_abbrev  0x000003a5      0x219 ./source/cbfifo.o
 .debug_abbrev  0x000005be      0x184 ./source/cbfifo_testcase.o
 .debug_abbrev  0x00000742      0x179 ./source/commandprocessor.o
 .debug_abbrev  0x000008bb      0x221 ./source/i2c.o
 .debug_abbrev  0x00000adc      0x18f ./source/led_tmp.o
 .debug_abbrev  0x00000c6b       0xfb ./source/led_tmp_testcase.o
 .debug_abbrev  0x00000d66      0x127 ./source/mma8451.o
 .debug_abbrev  0x00000e8d      0x1e7 ./source/msec_timers.o
 .debug_abbrev  0x00001074       0x46 ./source/mtb.o
 .debug_abbrev  0x000010ba       0x31 ./source/semihost_hardfault.o
 .debug_abbrev  0x000010eb      0x166 ./source/statemachine.o
 .debug_abbrev  0x00001251      0x1c8 ./source/switch.o
 .debug_abbrev  0x00001419       0xef ./source/sysclock.o
 .debug_abbrev  0x00001508       0xe0 ./source/testmodules.o
 .debug_abbrev  0x000015e8      0x309 ./drivers/fsl_lpsci.o
 .debug_abbrev  0x000018f1      0x323 ./drivers/fsl_uart.o
 .debug_abbrev  0x00001c14      0x156 ./CMSIS/system_MKL25Z4.o
 .debug_abbrev  0x00001d6a      0x227 ./CMSIS/touch_slider.o
 .debug_abbrev  0x00001f91      0x23d ./CMSIS/uart.o

.debug_aranges  0x00000000      0x7b0
 .debug_aranges
                0x00000000      0x160 ./startup/startup_mkl25z4.o
 .debug_aranges
                0x00000160       0x40 ./source/Project.o
 .debug_aranges
                0x000001a0       0x58 ./source/cbfifo.o
 .debug_aranges
                0x000001f8       0x28 ./source/cbfifo_testcase.o
 .debug_aranges
                0x00000220       0x48 ./source/commandprocessor.o
 .debug_aranges
                0x00000268       0x58 ./source/i2c.o
 .debug_aranges
                0x000002c0       0x70 ./source/led_tmp.o
 .debug_aranges
                0x00000330       0x20 ./source/led_tmp_testcase.o
 .debug_aranges
                0x00000350       0x30 ./source/mma8451.o
 .debug_aranges
                0x00000380       0x50 ./source/msec_timers.o
 .debug_aranges
                0x000003d0       0x18 ./source/mtb.o
 .debug_aranges
                0x000003e8       0x20 ./source/semihost_hardfault.o
 .debug_aranges
                0x00000408       0x38 ./source/statemachine.o
 .debug_aranges
                0x00000440       0x30 ./source/switch.o
 .debug_aranges
                0x00000470       0x20 ./source/sysclock.o
 .debug_aranges
                0x00000490       0x28 ./source/testmodules.o
 .debug_aranges
                0x000004b8      0x118 ./drivers/fsl_lpsci.o
 .debug_aranges
                0x000005d0      0x130 ./drivers/fsl_uart.o
 .debug_aranges
                0x00000700       0x28 ./CMSIS/system_MKL25Z4.o
 .debug_aranges
                0x00000728       0x48 ./CMSIS/touch_slider.o
 .debug_aranges
                0x00000770       0x40 ./CMSIS/uart.o

.debug_ranges   0x00000000      0x670
 .debug_ranges  0x00000000      0x150 ./startup/startup_mkl25z4.o
 .debug_ranges  0x00000150       0x30 ./source/Project.o
 .debug_ranges  0x00000180       0x48 ./source/cbfifo.o
 .debug_ranges  0x000001c8       0x30 ./source/cbfifo_testcase.o
 .debug_ranges  0x000001f8       0x38 ./source/commandprocessor.o
 .debug_ranges  0x00000230       0x48 ./source/i2c.o
 .debug_ranges  0x00000278       0x60 ./source/led_tmp.o
 .debug_ranges  0x000002d8       0x10 ./source/led_tmp_testcase.o
 .debug_ranges  0x000002e8       0x20 ./source/mma8451.o
 .debug_ranges  0x00000308       0x40 ./source/msec_timers.o
 .debug_ranges  0x00000348       0x10 ./source/semihost_hardfault.o
 .debug_ranges  0x00000358       0x28 ./source/statemachine.o
 .debug_ranges  0x00000380       0x20 ./source/switch.o
 .debug_ranges  0x000003a0       0x10 ./source/sysclock.o
 .debug_ranges  0x000003b0       0x18 ./source/testmodules.o
 .debug_ranges  0x000003c8      0x108 ./drivers/fsl_lpsci.o
 .debug_ranges  0x000004d0      0x120 ./drivers/fsl_uart.o
 .debug_ranges  0x000005f0       0x18 ./CMSIS/system_MKL25Z4.o
 .debug_ranges  0x00000608       0x38 ./CMSIS/touch_slider.o
 .debug_ranges  0x00000640       0x30 ./CMSIS/uart.o

.debug_macro    0x00000000     0x674e
 .debug_macro   0x00000000       0x29 ./startup/startup_mkl25z4.o
 .debug_macro   0x00000029      0x210 ./source/Project.o
 .debug_macro   0x00000239       0xd8 ./source/Project.o
 .debug_macro   0x00000311       0x16 ./source/Project.o
 .debug_macro   0x00000327       0x10 ./source/Project.o
 .debug_macro   0x00000337      0x112 ./source/Project.o
 .debug_macro   0x00000449       0x34 ./source/Project.o
 .debug_macro   0x0000047d       0x10 ./source/Project.o
 .debug_macro   0x0000048d       0x22 ./source/Project.o
 .debug_macro   0x000004af       0x7c ./source/Project.o
 .debug_macro   0x0000052b       0x10 ./source/Project.o
 .debug_macro   0x0000053b       0x10 ./source/Project.o
 .debug_macro   0x0000054b       0xca ./source/cbfifo.o
 .debug_macro   0x00000615       0xf6 ./source/cbfifo_testcase.o
 .debug_macro   0x0000070b       0x7f ./source/commandprocessor.o
 .debug_macro   0x0000078a       0xe6 ./source/i2c.o
 .debug_macro   0x00000870       0x3f ./source/i2c.o
 .debug_macro   0x000008af       0x34 ./source/i2c.o
 .debug_macro   0x000008e3     0x51e2 ./source/i2c.o
 .debug_macro   0x00005ac5      0x179 ./source/led_tmp.o
 .debug_macro   0x00005c3e       0xc4 ./source/led_tmp_testcase.o
 .debug_macro   0x00005d02       0xfa ./source/mma8451.o
 .debug_macro   0x00005dfc       0x9b ./source/msec_timers.o
 .debug_macro   0x00005e97       0x2f ./source/mtb.o
 .debug_macro   0x00005ec6       0x82 ./source/mtb.o
 .debug_macro   0x00005f48       0x10 ./source/mtb.o
 .debug_macro   0x00005f58       0x11 ./source/semihost_hardfault.o
 .debug_macro   0x00005f69      0x133 ./source/statemachine.o
 .debug_macro   0x0000609c       0xcf ./source/switch.o
 .debug_macro   0x0000616b       0x91 ./source/sysclock.o
 .debug_macro   0x000061fc      0x130 ./source/testmodules.o
 .debug_macro   0x0000632c       0xec ./drivers/fsl_lpsci.o
 .debug_macro   0x00006418       0xf2 ./drivers/fsl_uart.o
 .debug_macro   0x0000650a       0x94 ./CMSIS/system_MKL25Z4.o
 .debug_macro   0x0000659e       0xbd ./CMSIS/touch_slider.o
 .debug_macro   0x0000665b       0xf3 ./CMSIS/uart.o

.debug_line     0x00000000     0x6239
 .debug_line    0x00000000      0x1e7 ./startup/startup_mkl25z4.o
 .debug_line    0x000001e7      0x711 ./source/Project.o
 .debug_line    0x000008f8      0x591 ./source/cbfifo.o
 .debug_line    0x00000e89      0xab9 ./source/cbfifo_testcase.o
 .debug_line    0x00001942      0x311 ./source/commandprocessor.o
 .debug_line    0x00001c53      0x3cd ./source/i2c.o
 .debug_line    0x00002020      0x3b9 ./source/led_tmp.o
 .debug_line    0x000023d9      0x394 ./source/led_tmp_testcase.o
 .debug_line    0x0000276d      0x368 ./source/mma8451.o
 .debug_line    0x00002ad5      0x363 ./source/msec_timers.o
 .debug_line    0x00002e38       0xd1 ./source/mtb.o
 .debug_line    0x00002f09       0x59 ./source/semihost_hardfault.o
 .debug_line    0x00002f62      0x48f ./source/statemachine.o
 .debug_line    0x000033f1      0x2a6 ./source/switch.o
 .debug_line    0x00003697      0x245 ./source/sysclock.o
 .debug_line    0x000038dc      0x3bb ./source/testmodules.o
 .debug_line    0x00003c97      0xd78 ./drivers/fsl_lpsci.o
 .debug_line    0x00004a0f      0xd67 ./drivers/fsl_uart.o
 .debug_line    0x00005776      0x333 ./CMSIS/system_MKL25Z4.o
 .debug_line    0x00005aa9      0x38e ./CMSIS/touch_slider.o
 .debug_line    0x00005e37      0x402 ./CMSIS/uart.o

.debug_str      0x00000000    0x35aec
 .debug_str     0x00000000     0x31bb ./startup/startup_mkl25z4.o
                               0x3212 (size before relaxing)
 .debug_str     0x000031bb    0x2f50b ./source/Project.o
                              0x32505 (size before relaxing)
 .debug_str     0x000326c6      0x18b ./source/cbfifo.o
                              0x2932c (size before relaxing)
 .debug_str     0x00032851      0x203 ./source/cbfifo_testcase.o
                              0x294b3 (size before relaxing)
 .debug_str     0x00032a54      0x1a8 ./source/commandprocessor.o
                               0x4c91 (size before relaxing)
 .debug_str     0x00032bfc      0x33e ./source/i2c.o
                              0x290c1 (size before relaxing)
 .debug_str     0x00032f3a      0x675 ./source/led_tmp.o
                              0x29522 (size before relaxing)
 .debug_str     0x000335af       0x5b ./source/led_tmp_testcase.o
                              0x29195 (size before relaxing)
 .debug_str     0x0003360a      0x12a ./source/mma8451.o
                              0x2975e (size before relaxing)
 .debug_str     0x00033734      0x2d5 ./source/msec_timers.o
                              0x290b5 (size before relaxing)
 .debug_str     0x00033a09      0x532 ./source/mtb.o
                               0x331e (size before relaxing)
 .debug_str     0x00033f3b       0x1f ./source/semihost_hardfault.o
                               0x2e0b (size before relaxing)
 .debug_str     0x00033f5a      0x1d3 ./source/statemachine.o
                              0x29b51 (size before relaxing)
 .debug_str     0x0003412d      0x124 ./source/switch.o
                              0x29562 (size before relaxing)
 .debug_str     0x00034251       0x38 ./source/sysclock.o
                              0x28def (size before relaxing)
 .debug_str     0x00034289       0x3c ./source/testmodules.o
                              0x299fd (size before relaxing)
 .debug_str     0x000342c5      0xce7 ./drivers/fsl_lpsci.o
                              0x31921 (size before relaxing)
 .debug_str     0x00034fac      0x93d ./drivers/fsl_uart.o
                              0x31944 (size before relaxing)
 .debug_str     0x000358e9       0x4f ./CMSIS/system_MKL25Z4.o
                              0x2fc83 (size before relaxing)
 .debug_str     0x00035938      0x111 ./CMSIS/touch_slider.o
                              0x29573 (size before relaxing)
 .debug_str     0x00035a49       0xa3 ./CMSIS/uart.o
                              0x295e1 (size before relaxing)

.comment        0x00000000       0x79
 .comment       0x00000000       0x79 ./startup/startup_mkl25z4.o
                                 0x7a (size before relaxing)
 .comment       0x00000079       0x7a ./source/Project.o
 .comment       0x00000079       0x7a ./source/cbfifo.o
 .comment       0x00000079       0x7a ./source/cbfifo_testcase.o
 .comment       0x00000079       0x7a ./source/commandprocessor.o
 .comment       0x00000079       0x7a ./source/i2c.o
 .comment       0x00000079       0x7a ./source/led_tmp.o
 .comment       0x00000079       0x7a ./source/led_tmp_testcase.o
 .comment       0x00000079       0x7a ./source/mma8451.o
 .comment       0x00000079       0x7a ./source/msec_timers.o
 .comment       0x00000079       0x7a ./source/mtb.o
 .comment       0x00000079       0x7a ./source/semihost_hardfault.o
 .comment       0x00000079       0x7a ./source/statemachine.o
 .comment       0x00000079       0x7a ./source/switch.o
 .comment       0x00000079       0x7a ./source/sysclock.o
 .comment       0x00000079       0x7a ./source/testmodules.o
 .comment       0x00000079       0x7a ./drivers/fsl_lpsci.o
 .comment       0x00000079       0x7a ./drivers/fsl_uart.o
 .comment       0x00000079       0x7a ./CMSIS/system_MKL25Z4.o
 .comment       0x00000079       0x7a ./CMSIS/touch_slider.o
 .comment       0x00000079       0x7a ./CMSIS/uart.o
 .comment       0x00000079       0x7a c:/nxp/mcuxpressoide_11.2.0_4120/ide/plugins/com.nxp.mcuxpresso.tools.win32_11.2.0.202001021529/tools/bin/../lib/gcc/arm-none-eabi/9.2.1/../../../../arm-none-eabi/lib/thumb/v6-m/nofp\libcr_semihost_nf.a(__ciob.o)
 .comment       0x00000079       0x7a c:/nxp/mcuxpressoide_11.2.0_4120/ide/plugins/com.nxp.mcuxpresso.tools.win32_11.2.0.202001021529/tools/bin/../lib/gcc/arm-none-eabi/9.2.1/../../../../arm-none-eabi/lib/thumb/v6-m/nofp\libcr_semihost_nf.a(_cr__main.o)
 .comment       0x00000079       0x7a c:/nxp/mcuxpressoide_11.2.0_4120/ide/plugins/com.nxp.mcuxpresso.tools.win32_11.2.0.202001021529/tools/bin/../lib/gcc/arm-none-eabi/9.2.1/../../../../arm-none-eabi/lib/thumb/v6-m/nofp\libcr_semihost_nf.a(_cr_assert.o)
 .comment       0x00000079       0x7a c:/nxp/mcuxpressoide_11.2.0_4120/ide/plugins/com.nxp.mcuxpresso.tools.win32_11.2.0.202001021529/tools/bin/../lib/gcc/arm-none-eabi/9.2.1/../../../../arm-none-eabi/lib/thumb/v6-m/nofp\libcr_c.a(memset.o)
 .comment       0x00000079       0x7a c:/nxp/mcuxpressoide_11.2.0_4120/ide/plugins/com.nxp.mcuxpresso.tools.win32_11.2.0.202001021529/tools/bin/../lib/gcc/arm-none-eabi/9.2.1/../../../../arm-none-eabi/lib/thumb/v6-m/nofp\libcr_c.a(__fillbuf.o)
 .comment       0x00000079       0x7a c:/nxp/mcuxpressoide_11.2.0_4120/ide/plugins/com.nxp.mcuxpresso.tools.win32_11.2.0.202001021529/tools/bin/../lib/gcc/arm-none-eabi/9.2.1/../../../../arm-none-eabi/lib/thumb/v6-m/nofp\libcr_c.a(_deferredlazyseek.o)
 .comment       0x00000079       0x7a c:/nxp/mcuxpressoide_11.2.0_4120/ide/plugins/com.nxp.mcuxpresso.tools.win32_11.2.0.202001021529/tools/bin/../lib/gcc/arm-none-eabi/9.2.1/../../../../arm-none-eabi/lib/thumb/v6-m/nofp\libcr_c.a(_fflush.o)
 .comment       0x00000079       0x7a c:/nxp/mcuxpressoide_11.2.0_4120/ide/plugins/com.nxp.mcuxpresso.tools.win32_11.2.0.202001021529/tools/bin/../lib/gcc/arm-none-eabi/9.2.1/../../../../arm-none-eabi/lib/thumb/v6-m/nofp\libcr_c.a(_writebuf.o)
 .comment       0x00000079       0x7a c:/nxp/mcuxpressoide_11.2.0_4120/ide/plugins/com.nxp.mcuxpresso.tools.win32_11.2.0.202001021529/tools/bin/../lib/gcc/arm-none-eabi/9.2.1/../../../../arm-none-eabi/lib/thumb/v6-m/nofp\libcr_c.a(alloc.o)
 .comment       0x00000079       0x7a c:/nxp/mcuxpressoide_11.2.0_4120/ide/plugins/com.nxp.mcuxpresso.tools.win32_11.2.0.202001021529/tools/bin/../lib/gcc/arm-none-eabi/9.2.1/../../../../arm-none-eabi/lib/thumb/v6-m/nofp\libcr_c.a(atan2.o)
 .comment       0x00000079       0x7a c:/nxp/mcuxpressoide_11.2.0_4120/ide/plugins/com.nxp.mcuxpresso.tools.win32_11.2.0.202001021529/tools/bin/../lib/gcc/arm-none-eabi/9.2.1/../../../../arm-none-eabi/lib/thumb/v6-m/nofp\libcr_c.a(errno.o)
 .comment       0x00000079       0x7a c:/nxp/mcuxpressoide_11.2.0_4120/ide/plugins/com.nxp.mcuxpresso.tools.win32_11.2.0.202001021529/tools/bin/../lib/gcc/arm-none-eabi/9.2.1/../../../../arm-none-eabi/lib/thumb/v6-m/nofp\libcr_c.a(fabs.o)
 .comment       0x00000079       0x7a c:/nxp/mcuxpressoide_11.2.0_4120/ide/plugins/com.nxp.mcuxpresso.tools.win32_11.2.0.202001021529/tools/bin/../lib/gcc/arm-none-eabi/9.2.1/../../../../arm-none-eabi/lib/thumb/v6-m/nofp\libcr_c.a(fputs.o)
 .comment       0x00000079       0x7a c:/nxp/mcuxpressoide_11.2.0_4120/ide/plugins/com.nxp.mcuxpresso.tools.win32_11.2.0.202001021529/tools/bin/../lib/gcc/arm-none-eabi/9.2.1/../../../../arm-none-eabi/lib/thumb/v6-m/nofp\libcr_c.a(fseek.o)
 .comment       0x00000079       0x7a c:/nxp/mcuxpressoide_11.2.0_4120/ide/plugins/com.nxp.mcuxpresso.tools.win32_11.2.0.202001021529/tools/bin/../lib/gcc/arm-none-eabi/9.2.1/../../../../arm-none-eabi/lib/thumb/v6-m/nofp\libcr_c.a(ftell.o)
 .comment       0x00000079       0x7a c:/nxp/mcuxpressoide_11.2.0_4120/ide/plugins/com.nxp.mcuxpresso.tools.win32_11.2.0.202001021529/tools/bin/../lib/gcc/arm-none-eabi/9.2.1/../../../../arm-none-eabi/lib/thumb/v6-m/nofp\libcr_c.a(initio.o)
 .comment       0x00000079       0x7a c:/nxp/mcuxpressoide_11.2.0_4120/ide/plugins/com.nxp.mcuxpresso.tools.win32_11.2.0.202001021529/tools/bin/../lib/gcc/arm-none-eabi/9.2.1/../../../../arm-none-eabi/lib/thumb/v6-m/nofp\libcr_c.a(printf.o)
 .comment       0x00000079       0x7a c:/nxp/mcuxpressoide_11.2.0_4120/ide/plugins/com.nxp.mcuxpresso.tools.win32_11.2.0.202001021529/tools/bin/../lib/gcc/arm-none-eabi/9.2.1/../../../../arm-none-eabi/lib/thumb/v6-m/nofp\libcr_c.a(scanf.o)
 .comment       0x00000079       0x7a c:/nxp/mcuxpressoide_11.2.0_4120/ide/plugins/com.nxp.mcuxpresso.tools.win32_11.2.0.202001021529/tools/bin/../lib/gcc/arm-none-eabi/9.2.1/../../../../arm-none-eabi/lib/thumb/v6-m/nofp\libcr_c.a(setvbuf.o)
 .comment       0x00000079       0x7a c:/nxp/mcuxpressoide_11.2.0_4120/ide/plugins/com.nxp.mcuxpresso.tools.win32_11.2.0.202001021529/tools/bin/../lib/gcc/arm-none-eabi/9.2.1/../../../../arm-none-eabi/lib/thumb/v6-m/nofp\libcr_c.a(sqrt.o)
 .comment       0x00000079       0x7a c:/nxp/mcuxpressoide_11.2.0_4120/ide/plugins/com.nxp.mcuxpresso.tools.win32_11.2.0.202001021529/tools/bin/../lib/gcc/arm-none-eabi/9.2.1/../../../../arm-none-eabi/lib/thumb/v6-m/nofp\libcr_c.a(strcasecmp.o)
 .comment       0x00000079       0x7a c:/nxp/mcuxpressoide_11.2.0_4120/ide/plugins/com.nxp.mcuxpresso.tools.win32_11.2.0.202001021529/tools/bin/../lib/gcc/arm-none-eabi/9.2.1/../../../../arm-none-eabi/lib/thumb/v6-m/nofp\libcr_c.a(strlen.o)
 .comment       0x00000079       0x7a c:/nxp/mcuxpressoide_11.2.0_4120/ide/plugins/com.nxp.mcuxpresso.tools.win32_11.2.0.202001021529/tools/bin/../lib/gcc/arm-none-eabi/9.2.1/../../../../arm-none-eabi/lib/thumb/v6-m/nofp\libcr_c.a(strncmp.o)
 .comment       0x00000079       0x7a c:/nxp/mcuxpressoide_11.2.0_4120/ide/plugins/com.nxp.mcuxpresso.tools.win32_11.2.0.202001021529/tools/bin/../lib/gcc/arm-none-eabi/9.2.1/../../../../arm-none-eabi/lib/thumb/v6-m/nofp\libcr_c.a(ungetc.o)
 .comment       0x00000079       0x7a c:/nxp/mcuxpressoide_11.2.0_4120/ide/plugins/com.nxp.mcuxpresso.tools.win32_11.2.0.202001021529/tools/bin/../lib/gcc/arm-none-eabi/9.2.1/../../../../arm-none-eabi/lib/thumb/v6-m/nofp\libcr_c.a(__init_alloc.o)
 .comment       0x00000079       0x7a c:/nxp/mcuxpressoide_11.2.0_4120/ide/plugins/com.nxp.mcuxpresso.tools.win32_11.2.0.202001021529/tools/bin/../lib/gcc/arm-none-eabi/9.2.1/../../../../arm-none-eabi/lib/thumb/v6-m/nofp\libcr_c.a(_cr_sbrk.o)
 .comment       0x00000079       0x7a c:/nxp/mcuxpressoide_11.2.0_4120/ide/plugins/com.nxp.mcuxpresso.tools.win32_11.2.0.202001021529/tools/bin/../lib/gcc/arm-none-eabi/9.2.1/../../../../arm-none-eabi/lib/thumb/v6-m/nofp\libcr_c.a(_fdopen.o)
 .comment       0x00000079       0x7a c:/nxp/mcuxpressoide_11.2.0_4120/ide/plugins/com.nxp.mcuxpresso.tools.win32_11.2.0.202001021529/tools/bin/../lib/gcc/arm-none-eabi/9.2.1/../../../../arm-none-eabi/lib/thumb/v6-m/nofp\libcr_c.a(_frexpl.o)
 .comment       0x00000079       0x7a c:/nxp/mcuxpressoide_11.2.0_4120/ide/plugins/com.nxp.mcuxpresso.tools.win32_11.2.0.202001021529/tools/bin/../lib/gcc/arm-none-eabi/9.2.1/../../../../arm-none-eabi/lib/thumb/v6-m/nofp\libcr_c.a(_ldexpl.o)
 .comment       0x00000079       0x7a c:/nxp/mcuxpressoide_11.2.0_4120/ide/plugins/com.nxp.mcuxpresso.tools.win32_11.2.0.202001021529/tools/bin/../lib/gcc/arm-none-eabi/9.2.1/../../../../arm-none-eabi/lib/thumb/v6-m/nofp\libcr_c.a(atan.o)
 .comment       0x00000079       0x7a c:/nxp/mcuxpressoide_11.2.0_4120/ide/plugins/com.nxp.mcuxpresso.tools.win32_11.2.0.202001021529/tools/bin/../lib/gcc/arm-none-eabi/9.2.1/../../../../arm-none-eabi/lib/thumb/v6-m/nofp\libcr_c.a(ctype.o)
 .comment       0x00000079       0x7a c:/nxp/mcuxpressoide_11.2.0_4120/ide/plugins/com.nxp.mcuxpresso.tools.win32_11.2.0.202001021529/tools/bin/../lib/gcc/arm-none-eabi/9.2.1/../../../../arm-none-eabi/lib/thumb/v6-m/nofp\libcr_c.a(fclose.o)
 .comment       0x00000079       0x7a c:/nxp/mcuxpressoide_11.2.0_4120/ide/plugins/com.nxp.mcuxpresso.tools.win32_11.2.0.202001021529/tools/bin/../lib/gcc/arm-none-eabi/9.2.1/../../../../arm-none-eabi/lib/thumb/v6-m/nofp\libcr_c.a(fflush.o)
 .comment       0x00000079       0x7a c:/nxp/mcuxpressoide_11.2.0_4120/ide/plugins/com.nxp.mcuxpresso.tools.win32_11.2.0.202001021529/tools/bin/../lib/gcc/arm-none-eabi/9.2.1/../../../../arm-none-eabi/lib/thumb/v6-m/nofp\libcr_c.a(remove.o)
 .comment       0x00000079       0x7a c:/nxp/mcuxpressoide_11.2.0_4120/ide/plugins/com.nxp.mcuxpresso.tools.win32_11.2.0.202001021529/tools/bin/../lib/gcc/arm-none-eabi/9.2.1/../../../../arm-none-eabi/lib/thumb/v6-m/nofp\libcr_c.a(_cr_check_heap.o)
 .comment       0x00000079       0x7a c:/nxp/mcuxpressoide_11.2.0_4120/ide/plugins/com.nxp.mcuxpresso.tools.win32_11.2.0.202001021529/tools/bin/../lib/gcc/arm-none-eabi/9.2.1/../../../../arm-none-eabi/lib/thumb/v6-m/nofp\libcr_c.a(_do_fflush.o)
 .comment       0x00000079       0x7a c:/nxp/mcuxpressoide_11.2.0_4120/ide/plugins/com.nxp.mcuxpresso.tools.win32_11.2.0.202001021529/tools/bin/../lib/gcc/arm-none-eabi/9.2.1/thumb/v6-m/nofp\libcr_eabihelpers.a(double.o)
 .comment       0x00000079       0x7a c:/nxp/mcuxpressoide_11.2.0_4120/ide/plugins/com.nxp.mcuxpresso.tools.win32_11.2.0.202001021529/tools/bin/../lib/gcc/arm-none-eabi/9.2.1/thumb/v6-m/nofp\libcr_eabihelpers.a(float.o)

.ARM.attributes
                0x00000000       0x2a
 .ARM.attributes
                0x00000000       0x2c ./startup/startup_mkl25z4.o
 .ARM.attributes
                0x0000002c       0x2c ./source/Project.o
 .ARM.attributes
                0x00000058       0x2c ./source/cbfifo.o
 .ARM.attributes
                0x00000084       0x2c ./source/cbfifo_testcase.o
 .ARM.attributes
                0x000000b0       0x2c ./source/commandprocessor.o
 .ARM.attributes
                0x000000dc       0x2c ./source/i2c.o
 .ARM.attributes
                0x00000108       0x2c ./source/led_tmp.o
 .ARM.attributes
                0x00000134       0x2c ./source/led_tmp_testcase.o
 .ARM.attributes
                0x00000160       0x2c ./source/mma8451.o
 .ARM.attributes
                0x0000018c       0x2c ./source/msec_timers.o
 .ARM.attributes
                0x000001b8       0x32 ./source/mtb.o
 .ARM.attributes
                0x000001ea       0x2c ./source/semihost_hardfault.o
 .ARM.attributes
                0x00000216       0x2c ./source/statemachine.o
 .ARM.attributes
                0x00000242       0x2c ./source/switch.o
 .ARM.attributes
                0x0000026e       0x2c ./source/sysclock.o
 .ARM.attributes
                0x0000029a       0x2c ./source/testmodules.o
 .ARM.attributes
                0x000002c6       0x2c ./drivers/fsl_lpsci.o
 .ARM.attributes
                0x000002f2       0x2c ./drivers/fsl_uart.o
 .ARM.attributes
                0x0000031e       0x2c ./CMSIS/system_MKL25Z4.o
 .ARM.attributes
                0x0000034a       0x2c ./CMSIS/touch_slider.o
 .ARM.attributes
                0x00000376       0x2c ./CMSIS/uart.o
 .ARM.attributes
                0x000003a2       0x31 c:/nxp/mcuxpressoide_11.2.0_4120/ide/plugins/com.nxp.mcuxpresso.tools.win32_11.2.0.202001021529/tools/bin/../lib/gcc/arm-none-eabi/9.2.1/../../../../arm-none-eabi/lib/thumb/v6-m/nofp\libcr_semihost_nf.a(__ciob.o)
 .ARM.attributes
                0x000003d3       0x2c c:/nxp/mcuxpressoide_11.2.0_4120/ide/plugins/com.nxp.mcuxpresso.tools.win32_11.2.0.202001021529/tools/bin/../lib/gcc/arm-none-eabi/9.2.1/../../../../arm-none-eabi/lib/thumb/v6-m/nofp\libcr_semihost_nf.a(_cr__main.o)
 .ARM.attributes
                0x000003ff       0x2c c:/nxp/mcuxpressoide_11.2.0_4120/ide/plugins/com.nxp.mcuxpresso.tools.win32_11.2.0.202001021529/tools/bin/../lib/gcc/arm-none-eabi/9.2.1/../../../../arm-none-eabi/lib/thumb/v6-m/nofp\libcr_semihost_nf.a(_cr_assert.o)
 .ARM.attributes
                0x0000042b       0x1c c:/nxp/mcuxpressoide_11.2.0_4120/ide/plugins/com.nxp.mcuxpresso.tools.win32_11.2.0.202001021529/tools/bin/../lib/gcc/arm-none-eabi/9.2.1/../../../../arm-none-eabi/lib/thumb/v6-m/nofp\libcr_semihost_nf.a(__sys_appexit.o)
 .ARM.attributes
                0x00000447       0x2c c:/nxp/mcuxpressoide_11.2.0_4120/ide/plugins/com.nxp.mcuxpresso.tools.win32_11.2.0.202001021529/tools/bin/../lib/gcc/arm-none-eabi/9.2.1/../../../../arm-none-eabi/lib/thumb/v6-m/nofp\libcr_c.a(memset.o)
 .ARM.attributes
                0x00000473       0x2c c:/nxp/mcuxpressoide_11.2.0_4120/ide/plugins/com.nxp.mcuxpresso.tools.win32_11.2.0.202001021529/tools/bin/../lib/gcc/arm-none-eabi/9.2.1/../../../../arm-none-eabi/lib/thumb/v6-m/nofp\libcr_c.a(__fillbuf.o)
 .ARM.attributes
                0x0000049f       0x2c c:/nxp/mcuxpressoide_11.2.0_4120/ide/plugins/com.nxp.mcuxpresso.tools.win32_11.2.0.202001021529/tools/bin/../lib/gcc/arm-none-eabi/9.2.1/../../../../arm-none-eabi/lib/thumb/v6-m/nofp\libcr_c.a(_deferredlazyseek.o)
 .ARM.attributes
                0x000004cb       0x2c c:/nxp/mcuxpressoide_11.2.0_4120/ide/plugins/com.nxp.mcuxpresso.tools.win32_11.2.0.202001021529/tools/bin/../lib/gcc/arm-none-eabi/9.2.1/../../../../arm-none-eabi/lib/thumb/v6-m/nofp\libcr_c.a(_fflush.o)
 .ARM.attributes
                0x000004f7       0x2c c:/nxp/mcuxpressoide_11.2.0_4120/ide/plugins/com.nxp.mcuxpresso.tools.win32_11.2.0.202001021529/tools/bin/../lib/gcc/arm-none-eabi/9.2.1/../../../../arm-none-eabi/lib/thumb/v6-m/nofp\libcr_c.a(_writebuf.o)
 .ARM.attributes
                0x00000523       0x2c c:/nxp/mcuxpressoide_11.2.0_4120/ide/plugins/com.nxp.mcuxpresso.tools.win32_11.2.0.202001021529/tools/bin/../lib/gcc/arm-none-eabi/9.2.1/../../../../arm-none-eabi/lib/thumb/v6-m/nofp\libcr_c.a(alloc.o)
 .ARM.attributes
                0x0000054f       0x2c c:/nxp/mcuxpressoide_11.2.0_4120/ide/plugins/com.nxp.mcuxpresso.tools.win32_11.2.0.202001021529/tools/bin/../lib/gcc/arm-none-eabi/9.2.1/../../../../arm-none-eabi/lib/thumb/v6-m/nofp\libcr_c.a(atan2.o)
 .ARM.attributes
                0x0000057b       0x31 c:/nxp/mcuxpressoide_11.2.0_4120/ide/plugins/com.nxp.mcuxpresso.tools.win32_11.2.0.202001021529/tools/bin/../lib/gcc/arm-none-eabi/9.2.1/../../../../arm-none-eabi/lib/thumb/v6-m/nofp\libcr_c.a(errno.o)
 .ARM.attributes
                0x000005ac       0x2c c:/nxp/mcuxpressoide_11.2.0_4120/ide/plugins/com.nxp.mcuxpresso.tools.win32_11.2.0.202001021529/tools/bin/../lib/gcc/arm-none-eabi/9.2.1/../../../../arm-none-eabi/lib/thumb/v6-m/nofp\libcr_c.a(fabs.o)
 .ARM.attributes
                0x000005d8       0x2c c:/nxp/mcuxpressoide_11.2.0_4120/ide/plugins/com.nxp.mcuxpresso.tools.win32_11.2.0.202001021529/tools/bin/../lib/gcc/arm-none-eabi/9.2.1/../../../../arm-none-eabi/lib/thumb/v6-m/nofp\libcr_c.a(fputs.o)
 .ARM.attributes
                0x00000604       0x2c c:/nxp/mcuxpressoide_11.2.0_4120/ide/plugins/com.nxp.mcuxpresso.tools.win32_11.2.0.202001021529/tools/bin/../lib/gcc/arm-none-eabi/9.2.1/../../../../arm-none-eabi/lib/thumb/v6-m/nofp\libcr_c.a(fseek.o)
 .ARM.attributes
                0x00000630       0x2c c:/nxp/mcuxpressoide_11.2.0_4120/ide/plugins/com.nxp.mcuxpresso.tools.win32_11.2.0.202001021529/tools/bin/../lib/gcc/arm-none-eabi/9.2.1/../../../../arm-none-eabi/lib/thumb/v6-m/nofp\libcr_c.a(ftell.o)
 .ARM.attributes
                0x0000065c       0x2c c:/nxp/mcuxpressoide_11.2.0_4120/ide/plugins/com.nxp.mcuxpresso.tools.win32_11.2.0.202001021529/tools/bin/../lib/gcc/arm-none-eabi/9.2.1/../../../../arm-none-eabi/lib/thumb/v6-m/nofp\libcr_c.a(initio.o)
 .ARM.attributes
                0x00000688       0x2c c:/nxp/mcuxpressoide_11.2.0_4120/ide/plugins/com.nxp.mcuxpresso.tools.win32_11.2.0.202001021529/tools/bin/../lib/gcc/arm-none-eabi/9.2.1/../../../../arm-none-eabi/lib/thumb/v6-m/nofp\libcr_c.a(printf.o)
 .ARM.attributes
                0x000006b4       0x2c c:/nxp/mcuxpressoide_11.2.0_4120/ide/plugins/com.nxp.mcuxpresso.tools.win32_11.2.0.202001021529/tools/bin/../lib/gcc/arm-none-eabi/9.2.1/../../../../arm-none-eabi/lib/thumb/v6-m/nofp\libcr_c.a(scanf.o)
 .ARM.attributes
                0x000006e0       0x2c c:/nxp/mcuxpressoide_11.2.0_4120/ide/plugins/com.nxp.mcuxpresso.tools.win32_11.2.0.202001021529/tools/bin/../lib/gcc/arm-none-eabi/9.2.1/../../../../arm-none-eabi/lib/thumb/v6-m/nofp\libcr_c.a(setvbuf.o)
 .ARM.attributes
                0x0000070c       0x2c c:/nxp/mcuxpressoide_11.2.0_4120/ide/plugins/com.nxp.mcuxpresso.tools.win32_11.2.0.202001021529/tools/bin/../lib/gcc/arm-none-eabi/9.2.1/../../../../arm-none-eabi/lib/thumb/v6-m/nofp\libcr_c.a(sqrt.o)
 .ARM.attributes
                0x00000738       0x2c c:/nxp/mcuxpressoide_11.2.0_4120/ide/plugins/com.nxp.mcuxpresso.tools.win32_11.2.0.202001021529/tools/bin/../lib/gcc/arm-none-eabi/9.2.1/../../../../arm-none-eabi/lib/thumb/v6-m/nofp\libcr_c.a(strcasecmp.o)
 .ARM.attributes
                0x00000764       0x2c c:/nxp/mcuxpressoide_11.2.0_4120/ide/plugins/com.nxp.mcuxpresso.tools.win32_11.2.0.202001021529/tools/bin/../lib/gcc/arm-none-eabi/9.2.1/../../../../arm-none-eabi/lib/thumb/v6-m/nofp\libcr_c.a(strlen.o)
 .ARM.attributes
                0x00000790       0x2c c:/nxp/mcuxpressoide_11.2.0_4120/ide/plugins/com.nxp.mcuxpresso.tools.win32_11.2.0.202001021529/tools/bin/../lib/gcc/arm-none-eabi/9.2.1/../../../../arm-none-eabi/lib/thumb/v6-m/nofp\libcr_c.a(strncmp.o)
 .ARM.attributes
                0x000007bc       0x2c c:/nxp/mcuxpressoide_11.2.0_4120/ide/plugins/com.nxp.mcuxpresso.tools.win32_11.2.0.202001021529/tools/bin/../lib/gcc/arm-none-eabi/9.2.1/../../../../arm-none-eabi/lib/thumb/v6-m/nofp\libcr_c.a(ungetc.o)
 .ARM.attributes
                0x000007e8       0x2c c:/nxp/mcuxpressoide_11.2.0_4120/ide/plugins/com.nxp.mcuxpresso.tools.win32_11.2.0.202001021529/tools/bin/../lib/gcc/arm-none-eabi/9.2.1/../../../../arm-none-eabi/lib/thumb/v6-m/nofp\libcr_c.a(__init_alloc.o)
 .ARM.attributes
                0x00000814       0x2c c:/nxp/mcuxpressoide_11.2.0_4120/ide/plugins/com.nxp.mcuxpresso.tools.win32_11.2.0.202001021529/tools/bin/../lib/gcc/arm-none-eabi/9.2.1/../../../../arm-none-eabi/lib/thumb/v6-m/nofp\libcr_c.a(_cr_sbrk.o)
 .ARM.attributes
                0x00000840       0x2c c:/nxp/mcuxpressoide_11.2.0_4120/ide/plugins/com.nxp.mcuxpresso.tools.win32_11.2.0.202001021529/tools/bin/../lib/gcc/arm-none-eabi/9.2.1/../../../../arm-none-eabi/lib/thumb/v6-m/nofp\libcr_c.a(_fdopen.o)
 .ARM.attributes
                0x0000086c       0x2c c:/nxp/mcuxpressoide_11.2.0_4120/ide/plugins/com.nxp.mcuxpresso.tools.win32_11.2.0.202001021529/tools/bin/../lib/gcc/arm-none-eabi/9.2.1/../../../../arm-none-eabi/lib/thumb/v6-m/nofp\libcr_c.a(_frexpl.o)
 .ARM.attributes
                0x00000898       0x2c c:/nxp/mcuxpressoide_11.2.0_4120/ide/plugins/com.nxp.mcuxpresso.tools.win32_11.2.0.202001021529/tools/bin/../lib/gcc/arm-none-eabi/9.2.1/../../../../arm-none-eabi/lib/thumb/v6-m/nofp\libcr_c.a(_ldexpl.o)
 .ARM.attributes
                0x000008c4       0x2c c:/nxp/mcuxpressoide_11.2.0_4120/ide/plugins/com.nxp.mcuxpresso.tools.win32_11.2.0.202001021529/tools/bin/../lib/gcc/arm-none-eabi/9.2.1/../../../../arm-none-eabi/lib/thumb/v6-m/nofp\libcr_c.a(atan.o)
 .ARM.attributes
                0x000008f0       0x2c c:/nxp/mcuxpressoide_11.2.0_4120/ide/plugins/com.nxp.mcuxpresso.tools.win32_11.2.0.202001021529/tools/bin/../lib/gcc/arm-none-eabi/9.2.1/../../../../arm-none-eabi/lib/thumb/v6-m/nofp\libcr_c.a(ctype.o)
 .ARM.attributes
                0x0000091c       0x2c c:/nxp/mcuxpressoide_11.2.0_4120/ide/plugins/com.nxp.mcuxpresso.tools.win32_11.2.0.202001021529/tools/bin/../lib/gcc/arm-none-eabi/9.2.1/../../../../arm-none-eabi/lib/thumb/v6-m/nofp\libcr_c.a(fclose.o)
 .ARM.attributes
                0x00000948       0x2c c:/nxp/mcuxpressoide_11.2.0_4120/ide/plugins/com.nxp.mcuxpresso.tools.win32_11.2.0.202001021529/tools/bin/../lib/gcc/arm-none-eabi/9.2.1/../../../../arm-none-eabi/lib/thumb/v6-m/nofp\libcr_c.a(fflush.o)
 .ARM.attributes
                0x00000974       0x2c c:/nxp/mcuxpressoide_11.2.0_4120/ide/plugins/com.nxp.mcuxpresso.tools.win32_11.2.0.202001021529/tools/bin/../lib/gcc/arm-none-eabi/9.2.1/../../../../arm-none-eabi/lib/thumb/v6-m/nofp\libcr_c.a(remove.o)
 .ARM.attributes
                0x000009a0       0x2c c:/nxp/mcuxpressoide_11.2.0_4120/ide/plugins/com.nxp.mcuxpresso.tools.win32_11.2.0.202001021529/tools/bin/../lib/gcc/arm-none-eabi/9.2.1/../../../../arm-none-eabi/lib/thumb/v6-m/nofp\libcr_c.a(_cr_check_heap.o)
 .ARM.attributes
                0x000009cc       0x2c c:/nxp/mcuxpressoide_11.2.0_4120/ide/plugins/com.nxp.mcuxpresso.tools.win32_11.2.0.202001021529/tools/bin/../lib/gcc/arm-none-eabi/9.2.1/../../../../arm-none-eabi/lib/thumb/v6-m/nofp\libcr_c.a(_do_fflush.o)
 .ARM.attributes
                0x000009f8       0x1c c:/nxp/mcuxpressoide_11.2.0_4120/ide/plugins/com.nxp.mcuxpresso.tools.win32_11.2.0.202001021529/tools/bin/../lib/gcc/arm-none-eabi/9.2.1/thumb/v6-m/nofp\libcr_eabihelpers.a(division_32.o)
 .ARM.attributes
                0x00000a14       0x1c c:/nxp/mcuxpressoide_11.2.0_4120/ide/plugins/com.nxp.mcuxpresso.tools.win32_11.2.0.202001021529/tools/bin/../lib/gcc/arm-none-eabi/9.2.1/thumb/v6-m/nofp\libcr_eabihelpers.a(division_idiv0.o)
 .ARM.attributes
                0x00000a30       0x2c c:/nxp/mcuxpressoide_11.2.0_4120/ide/plugins/com.nxp.mcuxpresso.tools.win32_11.2.0.202001021529/tools/bin/../lib/gcc/arm-none-eabi/9.2.1/thumb/v6-m/nofp\libcr_eabihelpers.a(double.o)
 .ARM.attributes
                0x00000a5c       0x2c c:/nxp/mcuxpressoide_11.2.0_4120/ide/plugins/com.nxp.mcuxpresso.tools.win32_11.2.0.202001021529/tools/bin/../lib/gcc/arm-none-eabi/9.2.1/thumb/v6-m/nofp\libcr_eabihelpers.a(float.o)
 .ARM.attributes
                0x00000a88       0x1c c:/nxp/mcuxpressoide_11.2.0_4120/ide/plugins/com.nxp.mcuxpresso.tools.win32_11.2.0.202001021529/tools/bin/../lib/gcc/arm-none-eabi/9.2.1/thumb/v6-m/nofp\libcr_eabihelpers.a(llong.o)
 .ARM.attributes
                0x00000aa4       0x1c c:/nxp/mcuxpressoide_11.2.0_4120/ide/plugins/com.nxp.mcuxpresso.tools.win32_11.2.0.202001021529/tools/bin/../lib/gcc/arm-none-eabi/9.2.1/thumb/v6-m/nofp\libcr_eabihelpers.a(memcpy.o)
 .ARM.attributes
                0x00000ac0       0x1c c:/nxp/mcuxpressoide_11.2.0_4120/ide/plugins/com.nxp.mcuxpresso.tools.win32_11.2.0.202001021529/tools/bin/../lib/gcc/arm-none-eabi/9.2.1/thumb/v6-m/nofp\libcr_eabihelpers.a(thumb1_switch_helpers.o)
 .ARM.attributes
                0x00000adc       0x1c c:/nxp/mcuxpressoide_11.2.0_4120/ide/plugins/com.nxp.mcuxpresso.tools.win32_11.2.0.202001021529/tools/bin/../lib/gcc/arm-none-eabi/9.2.1/../../../../arm-none-eabi/lib/thumb/v6-m/nofp\libcr_semihost_nf.a(__sys_close.o)
 .ARM.attributes
                0x00000af8       0x1c c:/nxp/mcuxpressoide_11.2.0_4120/ide/plugins/com.nxp.mcuxpresso.tools.win32_11.2.0.202001021529/tools/bin/../lib/gcc/arm-none-eabi/9.2.1/../../../../arm-none-eabi/lib/thumb/v6-m/nofp\libcr_semihost_nf.a(__sys_flen.o)
 .ARM.attributes
                0x00000b14       0x1c c:/nxp/mcuxpressoide_11.2.0_4120/ide/plugins/com.nxp.mcuxpresso.tools.win32_11.2.0.202001021529/tools/bin/../lib/gcc/arm-none-eabi/9.2.1/../../../../arm-none-eabi/lib/thumb/v6-m/nofp\libcr_semihost_nf.a(__sys_istty.o)
 .ARM.attributes
                0x00000b30       0x1c c:/nxp/mcuxpressoide_11.2.0_4120/ide/plugins/com.nxp.mcuxpresso.tools.win32_11.2.0.202001021529/tools/bin/../lib/gcc/arm-none-eabi/9.2.1/../../../../arm-none-eabi/lib/thumb/v6-m/nofp\libcr_semihost_nf.a(__sys_read.o)
 .ARM.attributes
                0x00000b4c       0x1c c:/nxp/mcuxpressoide_11.2.0_4120/ide/plugins/com.nxp.mcuxpresso.tools.win32_11.2.0.202001021529/tools/bin/../lib/gcc/arm-none-eabi/9.2.1/../../../../arm-none-eabi/lib/thumb/v6-m/nofp\libcr_semihost_nf.a(__sys_remove.o)
 .ARM.attributes
                0x00000b68       0x1c c:/nxp/mcuxpressoide_11.2.0_4120/ide/plugins/com.nxp.mcuxpresso.tools.win32_11.2.0.202001021529/tools/bin/../lib/gcc/arm-none-eabi/9.2.1/../../../../arm-none-eabi/lib/thumb/v6-m/nofp\libcr_semihost_nf.a(__sys_seek.o)
 .ARM.attributes
                0x00000b84       0x1c c:/nxp/mcuxpressoide_11.2.0_4120/ide/plugins/com.nxp.mcuxpresso.tools.win32_11.2.0.202001021529/tools/bin/../lib/gcc/arm-none-eabi/9.2.1/../../../../arm-none-eabi/lib/thumb/v6-m/nofp\libcr_semihost_nf.a(__sys_tmpnam.o)

.debug_frame    0x00000000     0x161c
 .debug_frame   0x00000000      0x3b0 ./startup/startup_mkl25z4.o
 .debug_frame   0x000003b0       0xac ./source/Project.o
 .debug_frame   0x0000045c      0x110 ./source/cbfifo.o
 .debug_frame   0x0000056c       0x50 ./source/cbfifo_testcase.o
 .debug_frame   0x000005bc       0xd0 ./source/commandprocessor.o
 .debug_frame   0x0000068c      0x104 ./source/i2c.o
 .debug_frame   0x00000790      0x154 ./source/led_tmp.o
 .debug_frame   0x000008e4       0x30 ./source/led_tmp_testcase.o
 .debug_frame   0x00000914       0x70 ./source/mma8451.o
 .debug_frame   0x00000984       0xd8 ./source/msec_timers.o
 .debug_frame   0x00000a5c       0x20 ./source/semihost_hardfault.o
 .debug_frame   0x00000a7c       0x88 ./source/statemachine.o
 .debug_frame   0x00000b04       0x68 ./source/switch.o
 .debug_frame   0x00000b6c       0x2c ./source/sysclock.o
 .debug_frame   0x00000b98       0x48 ./source/testmodules.o
 .debug_frame   0x00000be0      0x414 ./drivers/fsl_lpsci.o
 .debug_frame   0x00000ff4      0x464 ./drivers/fsl_uart.o
 .debug_frame   0x00001458       0x4c ./CMSIS/system_MKL25Z4.o
 .debug_frame   0x000014a4       0xc8 ./CMSIS/touch_slider.o
 .debug_frame   0x0000156c       0xb0 ./CMSIS/uart.o

Cross Reference Table

Symbol                                            File
ADC0_DriverIRQHandler                             ./startup/startup_mkl25z4.o
ADC0_IRQHandler                                   ./startup/startup_mkl25z4.o
BOARD_BootClockRUN                                ./board/clock_config.o
BOARD_BootClockVLPR                               ./board/clock_config.o
BOARD_InitBootClocks                              ./board/clock_config.o
BOARD_InitBootPeripherals                         ./board/peripherals.o
BOARD_InitBootPins                                ./board/pin_mux.o
BOARD_InitDebugConsole                            ./board/board.o
BOARD_InitPins                                    ./board/pin_mux.o
CLOCK_BootToBlpeMode                              ./drivers/fsl_clock.o
CLOCK_BootToBlpiMode                              ./drivers/fsl_clock.o
                                                  ./board/clock_config.o
CLOCK_BootToFeeMode                               ./drivers/fsl_clock.o
CLOCK_BootToFeiMode                               ./drivers/fsl_clock.o
CLOCK_BootToPeeMode                               ./drivers/fsl_clock.o
                                                  ./board/clock_config.o
CLOCK_CalcPllDiv                                  ./drivers/fsl_clock.o
CLOCK_ClearStatusFlags                            ./drivers/fsl_clock.o
CLOCK_DeinitOsc0                                  ./drivers/fsl_clock.o
CLOCK_EnablePll0                                  ./drivers/fsl_clock.o
CLOCK_EnableUsbfs0Clock                           ./drivers/fsl_clock.o
CLOCK_ExternalModeToFbeModeQuick                  ./drivers/fsl_clock.o
CLOCK_FllStableDelay                              ./drivers/fsl_clock.o
CLOCK_GetBusClkFreq                               ./drivers/fsl_clock.o
CLOCK_GetCoreSysClkFreq                           ./drivers/fsl_clock.o
CLOCK_GetEr32kClkFreq                             ./drivers/fsl_clock.o
CLOCK_GetFixedFreqClkFreq                         ./drivers/fsl_clock.o
CLOCK_GetFlashClkFreq                             ./drivers/fsl_clock.o
CLOCK_GetFllFreq                                  ./drivers/fsl_clock.o
CLOCK_GetFreq                                     ./drivers/fsl_clock.o
CLOCK_GetInternalRefClkFreq                       ./drivers/fsl_clock.o
CLOCK_GetMode                                     ./drivers/fsl_clock.o